Archive member included to satisfy reference by file (symbol)

./lib/libdriver.a(sysctl.o)   ./objects/hello.o (SysCtlDelay)
./lib/libdriver.a(cpu.o)      ./lib/libdriver.a(sysctl.o) (CPUwfi)
./lib/libdriver.a(interrupt.o)
                              ./lib/libdriver.a(sysctl.o) (IntRegister)
c:/program files (x86)/gnu tools arm embedded/7 2018-q2-update/bin/../lib/gcc/arm-none-eabi/7.3.1/../../../../arm-none-eabi/lib/thumb/v7e-m\libg_nano.a(lib_a-exit.o)
                              ./objects/testafila.o (exit)
c:/program files (x86)/gnu tools arm embedded/7 2018-q2-update/bin/../lib/gcc/arm-none-eabi/7.3.1/../../../../arm-none-eabi/lib/thumb/v7e-m\libg_nano.a(lib_a-impure.o)
                              c:/program files (x86)/gnu tools arm embedded/7 2018-q2-update/bin/../lib/gcc/arm-none-eabi/7.3.1/../../../../arm-none-eabi/lib/thumb/v7e-m\libg_nano.a(lib_a-exit.o) (_global_impure_ptr)
c:/program files (x86)/gnu tools arm embedded/7 2018-q2-update/bin/../lib/gcc/arm-none-eabi/7.3.1/../../../../arm-none-eabi/lib/thumb/v7e-m\libg_nano.a(lib_a-malloc.o)
                              ./objects/hello.o (malloc)
c:/program files (x86)/gnu tools arm embedded/7 2018-q2-update/bin/../lib/gcc/arm-none-eabi/7.3.1/../../../../arm-none-eabi/lib/thumb/v7e-m\libg_nano.a(lib_a-nano-freer.o)
                              c:/program files (x86)/gnu tools arm embedded/7 2018-q2-update/bin/../lib/gcc/arm-none-eabi/7.3.1/../../../../arm-none-eabi/lib/thumb/v7e-m\libg_nano.a(lib_a-malloc.o) (_free_r)
c:/program files (x86)/gnu tools arm embedded/7 2018-q2-update/bin/../lib/gcc/arm-none-eabi/7.3.1/../../../../arm-none-eabi/lib/thumb/v7e-m\libg_nano.a(lib_a-nano-mallocr.o)
                              c:/program files (x86)/gnu tools arm embedded/7 2018-q2-update/bin/../lib/gcc/arm-none-eabi/7.3.1/../../../../arm-none-eabi/lib/thumb/v7e-m\libg_nano.a(lib_a-malloc.o) (_malloc_r)
c:/program files (x86)/gnu tools arm embedded/7 2018-q2-update/bin/../lib/gcc/arm-none-eabi/7.3.1/../../../../arm-none-eabi/lib/thumb/v7e-m\libg_nano.a(lib_a-puts.o)
                              ./objects/hello.o (puts)
c:/program files (x86)/gnu tools arm embedded/7 2018-q2-update/bin/../lib/gcc/arm-none-eabi/7.3.1/../../../../arm-none-eabi/lib/thumb/v7e-m\libg_nano.a(lib_a-random.o)
                              ./objects/testafila.o (random)
c:/program files (x86)/gnu tools arm embedded/7 2018-q2-update/bin/../lib/gcc/arm-none-eabi/7.3.1/../../../../arm-none-eabi/lib/thumb/v7e-m\libg_nano.a(lib_a-sbrkr.o)
                              c:/program files (x86)/gnu tools arm embedded/7 2018-q2-update/bin/../lib/gcc/arm-none-eabi/7.3.1/../../../../arm-none-eabi/lib/thumb/v7e-m\libg_nano.a(lib_a-nano-mallocr.o) (_sbrk_r)
c:/program files (x86)/gnu tools arm embedded/7 2018-q2-update/bin/../lib/gcc/arm-none-eabi/7.3.1/../../../../arm-none-eabi/lib/thumb/v7e-m\libg_nano.a(lib_a-wbuf.o)
                              c:/program files (x86)/gnu tools arm embedded/7 2018-q2-update/bin/../lib/gcc/arm-none-eabi/7.3.1/../../../../arm-none-eabi/lib/thumb/v7e-m\libg_nano.a(lib_a-puts.o) (__swbuf_r)
c:/program files (x86)/gnu tools arm embedded/7 2018-q2-update/bin/../lib/gcc/arm-none-eabi/7.3.1/../../../../arm-none-eabi/lib/thumb/v7e-m\libg_nano.a(lib_a-wsetup.o)
                              c:/program files (x86)/gnu tools arm embedded/7 2018-q2-update/bin/../lib/gcc/arm-none-eabi/7.3.1/../../../../arm-none-eabi/lib/thumb/v7e-m\libg_nano.a(lib_a-puts.o) (__swsetup_r)
c:/program files (x86)/gnu tools arm embedded/7 2018-q2-update/bin/../lib/gcc/arm-none-eabi/7.3.1/../../../../arm-none-eabi/lib/thumb/v7e-m\libg_nano.a(lib_a-fflush.o)
                              c:/program files (x86)/gnu tools arm embedded/7 2018-q2-update/bin/../lib/gcc/arm-none-eabi/7.3.1/../../../../arm-none-eabi/lib/thumb/v7e-m\libg_nano.a(lib_a-wbuf.o) (_fflush_r)
c:/program files (x86)/gnu tools arm embedded/7 2018-q2-update/bin/../lib/gcc/arm-none-eabi/7.3.1/../../../../arm-none-eabi/lib/thumb/v7e-m\libg_nano.a(lib_a-findfp.o)
                              c:/program files (x86)/gnu tools arm embedded/7 2018-q2-update/bin/../lib/gcc/arm-none-eabi/7.3.1/../../../../arm-none-eabi/lib/thumb/v7e-m\libg_nano.a(lib_a-puts.o) (__sinit)
c:/program files (x86)/gnu tools arm embedded/7 2018-q2-update/bin/../lib/gcc/arm-none-eabi/7.3.1/../../../../arm-none-eabi/lib/thumb/v7e-m\libg_nano.a(lib_a-fwalk.o)
                              c:/program files (x86)/gnu tools arm embedded/7 2018-q2-update/bin/../lib/gcc/arm-none-eabi/7.3.1/../../../../arm-none-eabi/lib/thumb/v7e-m\libg_nano.a(lib_a-findfp.o) (_fwalk)
c:/program files (x86)/gnu tools arm embedded/7 2018-q2-update/bin/../lib/gcc/arm-none-eabi/7.3.1/../../../../arm-none-eabi/lib/thumb/v7e-m\libg_nano.a(lib_a-makebuf.o)
                              c:/program files (x86)/gnu tools arm embedded/7 2018-q2-update/bin/../lib/gcc/arm-none-eabi/7.3.1/../../../../arm-none-eabi/lib/thumb/v7e-m\libg_nano.a(lib_a-wsetup.o) (__smakebuf_r)
c:/program files (x86)/gnu tools arm embedded/7 2018-q2-update/bin/../lib/gcc/arm-none-eabi/7.3.1/../../../../arm-none-eabi/lib/thumb/v7e-m\libg_nano.a(lib_a-memset.o)
                              c:/program files (x86)/gnu tools arm embedded/7 2018-q2-update/bin/../lib/gcc/arm-none-eabi/7.3.1/../../../../arm-none-eabi/lib/thumb/v7e-m\libg_nano.a(lib_a-findfp.o) (memset)
c:/program files (x86)/gnu tools arm embedded/7 2018-q2-update/bin/../lib/gcc/arm-none-eabi/7.3.1/../../../../arm-none-eabi/lib/thumb/v7e-m\libg_nano.a(lib_a-mlock.o)
                              c:/program files (x86)/gnu tools arm embedded/7 2018-q2-update/bin/../lib/gcc/arm-none-eabi/7.3.1/../../../../arm-none-eabi/lib/thumb/v7e-m\libg_nano.a(lib_a-nano-freer.o) (__malloc_lock)
c:/program files (x86)/gnu tools arm embedded/7 2018-q2-update/bin/../lib/gcc/arm-none-eabi/7.3.1/../../../../arm-none-eabi/lib/thumb/v7e-m\libg_nano.a(lib_a-reent.o)
                              c:/program files (x86)/gnu tools arm embedded/7 2018-q2-update/bin/../lib/gcc/arm-none-eabi/7.3.1/../../../../arm-none-eabi/lib/thumb/v7e-m\libg_nano.a(lib_a-sbrkr.o) (errno)
c:/program files (x86)/gnu tools arm embedded/7 2018-q2-update/bin/../lib/gcc/arm-none-eabi/7.3.1/../../../../arm-none-eabi/lib/thumb/v7e-m\libg_nano.a(lib_a-stdio.o)
                              c:/program files (x86)/gnu tools arm embedded/7 2018-q2-update/bin/../lib/gcc/arm-none-eabi/7.3.1/../../../../arm-none-eabi/lib/thumb/v7e-m\libg_nano.a(lib_a-findfp.o) (__sread)
c:/program files (x86)/gnu tools arm embedded/7 2018-q2-update/bin/../lib/gcc/arm-none-eabi/7.3.1/../../../../arm-none-eabi/lib/thumb/v7e-m\libg_nano.a(lib_a-writer.o)
                              c:/program files (x86)/gnu tools arm embedded/7 2018-q2-update/bin/../lib/gcc/arm-none-eabi/7.3.1/../../../../arm-none-eabi/lib/thumb/v7e-m\libg_nano.a(lib_a-stdio.o) (_write_r)
c:/program files (x86)/gnu tools arm embedded/7 2018-q2-update/bin/../lib/gcc/arm-none-eabi/7.3.1/../../../../arm-none-eabi/lib/thumb/v7e-m\libg_nano.a(lib_a-closer.o)
                              c:/program files (x86)/gnu tools arm embedded/7 2018-q2-update/bin/../lib/gcc/arm-none-eabi/7.3.1/../../../../arm-none-eabi/lib/thumb/v7e-m\libg_nano.a(lib_a-stdio.o) (_close_r)
c:/program files (x86)/gnu tools arm embedded/7 2018-q2-update/bin/../lib/gcc/arm-none-eabi/7.3.1/../../../../arm-none-eabi/lib/thumb/v7e-m\libg_nano.a(lib_a-fstatr.o)
                              c:/program files (x86)/gnu tools arm embedded/7 2018-q2-update/bin/../lib/gcc/arm-none-eabi/7.3.1/../../../../arm-none-eabi/lib/thumb/v7e-m\libg_nano.a(lib_a-makebuf.o) (_fstat_r)
c:/program files (x86)/gnu tools arm embedded/7 2018-q2-update/bin/../lib/gcc/arm-none-eabi/7.3.1/../../../../arm-none-eabi/lib/thumb/v7e-m\libg_nano.a(lib_a-isattyr.o)
                              c:/program files (x86)/gnu tools arm embedded/7 2018-q2-update/bin/../lib/gcc/arm-none-eabi/7.3.1/../../../../arm-none-eabi/lib/thumb/v7e-m\libg_nano.a(lib_a-makebuf.o) (_isatty_r)
c:/program files (x86)/gnu tools arm embedded/7 2018-q2-update/bin/../lib/gcc/arm-none-eabi/7.3.1/../../../../arm-none-eabi/lib/thumb/v7e-m\libg_nano.a(lib_a-lseekr.o)
                              c:/program files (x86)/gnu tools arm embedded/7 2018-q2-update/bin/../lib/gcc/arm-none-eabi/7.3.1/../../../../arm-none-eabi/lib/thumb/v7e-m\libg_nano.a(lib_a-stdio.o) (_lseek_r)
c:/program files (x86)/gnu tools arm embedded/7 2018-q2-update/bin/../lib/gcc/arm-none-eabi/7.3.1/../../../../arm-none-eabi/lib/thumb/v7e-m\libg_nano.a(lib_a-readr.o)
                              c:/program files (x86)/gnu tools arm embedded/7 2018-q2-update/bin/../lib/gcc/arm-none-eabi/7.3.1/../../../../arm-none-eabi/lib/thumb/v7e-m\libg_nano.a(lib_a-stdio.o) (_read_r)
c:/program files (x86)/gnu tools arm embedded/7 2018-q2-update/bin/../lib/gcc/arm-none-eabi/7.3.1/../../../../arm-none-eabi/lib/thumb/v7e-m\libnosys.a(close.o)
                              c:/program files (x86)/gnu tools arm embedded/7 2018-q2-update/bin/../lib/gcc/arm-none-eabi/7.3.1/../../../../arm-none-eabi/lib/thumb/v7e-m\libg_nano.a(lib_a-closer.o) (_close)
c:/program files (x86)/gnu tools arm embedded/7 2018-q2-update/bin/../lib/gcc/arm-none-eabi/7.3.1/../../../../arm-none-eabi/lib/thumb/v7e-m\libnosys.a(fstat.o)
                              c:/program files (x86)/gnu tools arm embedded/7 2018-q2-update/bin/../lib/gcc/arm-none-eabi/7.3.1/../../../../arm-none-eabi/lib/thumb/v7e-m\libg_nano.a(lib_a-fstatr.o) (_fstat)
c:/program files (x86)/gnu tools arm embedded/7 2018-q2-update/bin/../lib/gcc/arm-none-eabi/7.3.1/../../../../arm-none-eabi/lib/thumb/v7e-m\libnosys.a(isatty.o)
                              c:/program files (x86)/gnu tools arm embedded/7 2018-q2-update/bin/../lib/gcc/arm-none-eabi/7.3.1/../../../../arm-none-eabi/lib/thumb/v7e-m\libg_nano.a(lib_a-isattyr.o) (_isatty)
c:/program files (x86)/gnu tools arm embedded/7 2018-q2-update/bin/../lib/gcc/arm-none-eabi/7.3.1/../../../../arm-none-eabi/lib/thumb/v7e-m\libnosys.a(lseek.o)
                              c:/program files (x86)/gnu tools arm embedded/7 2018-q2-update/bin/../lib/gcc/arm-none-eabi/7.3.1/../../../../arm-none-eabi/lib/thumb/v7e-m\libg_nano.a(lib_a-lseekr.o) (_lseek)
c:/program files (x86)/gnu tools arm embedded/7 2018-q2-update/bin/../lib/gcc/arm-none-eabi/7.3.1/../../../../arm-none-eabi/lib/thumb/v7e-m\libnosys.a(read.o)
                              c:/program files (x86)/gnu tools arm embedded/7 2018-q2-update/bin/../lib/gcc/arm-none-eabi/7.3.1/../../../../arm-none-eabi/lib/thumb/v7e-m\libg_nano.a(lib_a-readr.o) (_read)
c:/program files (x86)/gnu tools arm embedded/7 2018-q2-update/bin/../lib/gcc/arm-none-eabi/7.3.1/../../../../arm-none-eabi/lib/thumb/v7e-m\libnosys.a(sbrk.o)
                              c:/program files (x86)/gnu tools arm embedded/7 2018-q2-update/bin/../lib/gcc/arm-none-eabi/7.3.1/../../../../arm-none-eabi/lib/thumb/v7e-m\libg_nano.a(lib_a-sbrkr.o) (_sbrk)
c:/program files (x86)/gnu tools arm embedded/7 2018-q2-update/bin/../lib/gcc/arm-none-eabi/7.3.1/../../../../arm-none-eabi/lib/thumb/v7e-m\libnosys.a(write.o)
                              c:/program files (x86)/gnu tools arm embedded/7 2018-q2-update/bin/../lib/gcc/arm-none-eabi/7.3.1/../../../../arm-none-eabi/lib/thumb/v7e-m\libg_nano.a(lib_a-writer.o) (_write)
c:/program files (x86)/gnu tools arm embedded/7 2018-q2-update/bin/../lib/gcc/arm-none-eabi/7.3.1/../../../../arm-none-eabi/lib/thumb/v7e-m\libnosys.a(_exit.o)
                              c:/program files (x86)/gnu tools arm embedded/7 2018-q2-update/bin/../lib/gcc/arm-none-eabi/7.3.1/../../../../arm-none-eabi/lib/thumb/v7e-m\libg_nano.a(lib_a-exit.o) (_exit)

Allocating common symbols
Common symbol       size              file

final               0x4               ./objects/testafila.o
errno               0x4               c:/program files (x86)/gnu tools arm embedded/7 2018-q2-update/bin/../lib/gcc/arm-none-eabi/7.3.1/../../../../arm-none-eabi/lib/thumb/v7e-m\libg_nano.a(lib_a-reent.o)
ThreadStacks        0x1400            ./objects/hello.o
fila0               0x4               ./objects/testafila.o
aux                 0x4               ./objects/testafila.o
item                0x4b0             ./objects/testafila.o
task                0x150             ./objects/hello.o
Thread2Stack        0x100             ./objects/hello.o
fila1               0x4               ./objects/testafila.o
g_ui32SysClock      0x4               ./objects/hello.o
Thread1Stack        0x100             ./objects/hello.o
Threads             0x640             ./objects/thread.o

Memory Configuration

Name             Origin             Length             Attributes
FLASH            0x00000000         0x00100000         xr
SRAM             0x20000000         0x00040000         xrw
*default*        0x00000000         0xffffffff

Linker script and memory map

LOAD ./objects/startup_gcc.o
LOAD ./objects/hello.o
LOAD ./lib/libdriver.a
LOAD ./lib/driverlib.a
LOAD ./objects/uartstdio.o
LOAD ./objects/pinout.o
LOAD ./objects/gpio.o
LOAD ./objects/cpu.o
LOAD ./objects/queue.o
LOAD ./objects/testafila.o
LOAD ./objects/thread.o
LOAD ./objects/pingpong-tasks1.o
LOAD c:/program files (x86)/gnu tools arm embedded/7 2018-q2-update/bin/../lib/gcc/arm-none-eabi/7.3.1/../../../../arm-none-eabi/lib/thumb/v7e-m\libm.a
LOAD c:/program files (x86)/gnu tools arm embedded/7 2018-q2-update/bin/../lib/gcc/arm-none-eabi/7.3.1/../../../../arm-none-eabi/lib/thumb/v7e-m\libm.a
LOAD c:/program files (x86)/gnu tools arm embedded/7 2018-q2-update/bin/../lib/gcc/arm-none-eabi/7.3.1/../../../../arm-none-eabi/lib/thumb/v7e-m\libg_nano.a
LOAD c:/program files (x86)/gnu tools arm embedded/7 2018-q2-update/bin/../lib/gcc/arm-none-eabi/7.3.1/thumb/v7e-m\libgcc.a
LOAD c:/program files (x86)/gnu tools arm embedded/7 2018-q2-update/bin/../lib/gcc/arm-none-eabi/7.3.1/../../../../arm-none-eabi/lib/thumb/v7e-m\libnosys.a
START GROUP
LOAD c:/program files (x86)/gnu tools arm embedded/7 2018-q2-update/bin/../lib/gcc/arm-none-eabi/7.3.1/thumb/v7e-m\libgcc.a
LOAD c:/program files (x86)/gnu tools arm embedded/7 2018-q2-update/bin/../lib/gcc/arm-none-eabi/7.3.1/../../../../arm-none-eabi/lib/thumb/v7e-m\libg_nano.a
LOAD c:/program files (x86)/gnu tools arm embedded/7 2018-q2-update/bin/../lib/gcc/arm-none-eabi/7.3.1/../../../../arm-none-eabi/lib/thumb/v7e-m\libc_nano.a
END GROUP
START GROUP
LOAD c:/program files (x86)/gnu tools arm embedded/7 2018-q2-update/bin/../lib/gcc/arm-none-eabi/7.3.1/thumb/v7e-m\libgcc.a
LOAD c:/program files (x86)/gnu tools arm embedded/7 2018-q2-update/bin/../lib/gcc/arm-none-eabi/7.3.1/../../../../arm-none-eabi/lib/thumb/v7e-m\libc_nano.a
END GROUP

.text           0x00000000     0x4938
                0x00000000                _text = .
 *(.isr_vector)
 .isr_vector    0x00000000      0x200 ./objects/startup_gcc.o
                0x00000000                g_pfnVectors
 *(.text*)
 .text          0x00000200       0x6c ./objects/startup_gcc.o
                0x00000206                ResetISR
 .text          0x0000026c      0x200 ./objects/hello.o
                0x0000026c                BodyTask
                0x000002d4                __error__
                0x000002e8                ConfigureUART
                0x00000348                createThreadStack
                0x00000354                initThreads
                0x0000039c                main
 .text          0x0000046c        0x0 ./lib/libdriver.a(sysctl.o)
 .text._SysCtlMemTimingGet
                0x0000046c       0x24 ./lib/libdriver.a(sysctl.o)
 .text.SysCtlSRAMSizeGet
                0x00000490       0x10 ./lib/libdriver.a(sysctl.o)
                0x00000490                SysCtlSRAMSizeGet
 .text.SysCtlFlashSizeGet
                0x000004a0       0x40 ./lib/libdriver.a(sysctl.o)
                0x000004a0                SysCtlFlashSizeGet
 .text.SysCtlFlashSectorSizeGet
                0x000004e0       0x3c ./lib/libdriver.a(sysctl.o)
                0x000004e0                SysCtlFlashSectorSizeGet
 .text.SysCtlPeripheralPresent
                0x0000051c       0x34 ./lib/libdriver.a(sysctl.o)
                0x0000051c                SysCtlPeripheralPresent
 .text.SysCtlPeripheralReady
                0x00000550       0x34 ./lib/libdriver.a(sysctl.o)
                0x00000550                SysCtlPeripheralReady
 .text.SysCtlPeripheralPowerOn
                0x00000584       0x30 ./lib/libdriver.a(sysctl.o)
                0x00000584                SysCtlPeripheralPowerOn
 .text.SysCtlPeripheralPowerOff
                0x000005b4       0x30 ./lib/libdriver.a(sysctl.o)
                0x000005b4                SysCtlPeripheralPowerOff
 .text.SysCtlPeripheralReset
                0x000005e4       0x48 ./lib/libdriver.a(sysctl.o)
                0x000005e4                SysCtlPeripheralReset
 .text.SysCtlPeripheralEnable
                0x0000062c       0x30 ./lib/libdriver.a(sysctl.o)
                0x0000062c                SysCtlPeripheralEnable
 .text.SysCtlPeripheralDisable
                0x0000065c       0x30 ./lib/libdriver.a(sysctl.o)
                0x0000065c                SysCtlPeripheralDisable
 .text.SysCtlPeripheralSleepEnable
                0x0000068c       0x30 ./lib/libdriver.a(sysctl.o)
                0x0000068c                SysCtlPeripheralSleepEnable
 .text.SysCtlPeripheralSleepDisable
                0x000006bc       0x30 ./lib/libdriver.a(sysctl.o)
                0x000006bc                SysCtlPeripheralSleepDisable
 .text.SysCtlPeripheralDeepSleepEnable
                0x000006ec       0x30 ./lib/libdriver.a(sysctl.o)
                0x000006ec                SysCtlPeripheralDeepSleepEnable
 .text.SysCtlPeripheralDeepSleepDisable
                0x0000071c       0x30 ./lib/libdriver.a(sysctl.o)
                0x0000071c                SysCtlPeripheralDeepSleepDisable
 .text.SysCtlPeripheralClockGating
                0x0000074c       0x50 ./lib/libdriver.a(sysctl.o)
                0x0000074c                SysCtlPeripheralClockGating
 .text.SysCtlIntRegister
                0x0000079c       0x14 ./lib/libdriver.a(sysctl.o)
                0x0000079c                SysCtlIntRegister
 .text.SysCtlIntUnregister
                0x000007b0       0x12 ./lib/libdriver.a(sysctl.o)
                0x000007b0                SysCtlIntUnregister
 *fill*         0x000007c2        0x2 
 .text.SysCtlIntEnable
                0x000007c4       0x10 ./lib/libdriver.a(sysctl.o)
                0x000007c4                SysCtlIntEnable
 .text.SysCtlIntDisable
                0x000007d4       0x10 ./lib/libdriver.a(sysctl.o)
                0x000007d4                SysCtlIntDisable
 .text.SysCtlIntClear
                0x000007e4        0xc ./lib/libdriver.a(sysctl.o)
                0x000007e4                SysCtlIntClear
 .text.SysCtlIntStatus
                0x000007f0       0x18 ./lib/libdriver.a(sysctl.o)
                0x000007f0                SysCtlIntStatus
 .text.SysCtlLDOSleepSet
                0x00000808        0xc ./lib/libdriver.a(sysctl.o)
                0x00000808                SysCtlLDOSleepSet
 .text.SysCtlLDOSleepGet
                0x00000814        0xc ./lib/libdriver.a(sysctl.o)
                0x00000814                SysCtlLDOSleepGet
 .text.SysCtlLDODeepSleepSet
                0x00000820        0xc ./lib/libdriver.a(sysctl.o)
                0x00000820                SysCtlLDODeepSleepSet
 .text.SysCtlLDODeepSleepGet
                0x0000082c        0xc ./lib/libdriver.a(sysctl.o)
                0x0000082c                SysCtlLDODeepSleepGet
 .text.SysCtlSleepPowerSet
                0x00000838        0xc ./lib/libdriver.a(sysctl.o)
                0x00000838                SysCtlSleepPowerSet
 .text.SysCtlDeepSleepPowerSet
                0x00000844        0xc ./lib/libdriver.a(sysctl.o)
                0x00000844                SysCtlDeepSleepPowerSet
 .text.SysCtlReset
                0x00000850       0x10 ./lib/libdriver.a(sysctl.o)
                0x00000850                SysCtlReset
 .text.SysCtlSleep
                0x00000860        0x4 ./lib/libdriver.a(sysctl.o)
                0x00000860                SysCtlSleep
 .text.SysCtlDeepSleep
                0x00000864       0x20 ./lib/libdriver.a(sysctl.o)
                0x00000864                SysCtlDeepSleep
 .text.SysCtlResetCauseGet
                0x00000884        0xc ./lib/libdriver.a(sysctl.o)
                0x00000884                SysCtlResetCauseGet
 .text.SysCtlResetCauseClear
                0x00000890       0x10 ./lib/libdriver.a(sysctl.o)
                0x00000890                SysCtlResetCauseClear
 .text.SysCtlDelay
                0x000008a0        0x6 ./lib/libdriver.a(sysctl.o)
                0x000008a0                SysCtlDelay
 *fill*         0x000008a6        0x2 
 .text.SysCtlMOSCConfigSet
                0x000008a8        0xc ./lib/libdriver.a(sysctl.o)
                0x000008a8                SysCtlMOSCConfigSet
 .text.SysCtlPIOSCCalibrate
                0x000008b4       0x54 ./lib/libdriver.a(sysctl.o)
                0x000008b4                SysCtlPIOSCCalibrate
 .text.SysCtlResetBehaviorSet
                0x00000908        0xc ./lib/libdriver.a(sysctl.o)
                0x00000908                SysCtlResetBehaviorSet
 .text.SysCtlResetBehaviorGet
                0x00000914        0xc ./lib/libdriver.a(sysctl.o)
                0x00000914                SysCtlResetBehaviorGet
 .text.SysCtlClockFreqSet
                0x00000920      0x264 ./lib/libdriver.a(sysctl.o)
                0x00000920                SysCtlClockFreqSet
 .text.SysCtlClockSet
                0x00000b84      0x128 ./lib/libdriver.a(sysctl.o)
                0x00000b84                SysCtlClockSet
 .text.SysCtlClockGet
                0x00000cac      0x15c ./lib/libdriver.a(sysctl.o)
                0x00000cac                SysCtlClockGet
 .text.SysCtlDeepSleepClockSet
                0x00000e08        0xc ./lib/libdriver.a(sysctl.o)
                0x00000e08                SysCtlDeepSleepClockSet
 .text.SysCtlDeepSleepClockConfigSet
                0x00000e14       0x68 ./lib/libdriver.a(sysctl.o)
                0x00000e14                SysCtlDeepSleepClockConfigSet
 .text.SysCtlPWMClockSet
                0x00000e7c       0x14 ./lib/libdriver.a(sysctl.o)
                0x00000e7c                SysCtlPWMClockSet
 .text.SysCtlPWMClockGet
                0x00000e90       0x18 ./lib/libdriver.a(sysctl.o)
                0x00000e90                SysCtlPWMClockGet
 .text.SysCtlGPIOAHBEnable
                0x00000ea8       0x1c ./lib/libdriver.a(sysctl.o)
                0x00000ea8                SysCtlGPIOAHBEnable
 .text.SysCtlGPIOAHBDisable
                0x00000ec4       0x1c ./lib/libdriver.a(sysctl.o)
                0x00000ec4                SysCtlGPIOAHBDisable
 .text.SysCtlUSBPLLEnable
                0x00000ee0       0x10 ./lib/libdriver.a(sysctl.o)
                0x00000ee0                SysCtlUSBPLLEnable
 .text.SysCtlUSBPLLDisable
                0x00000ef0       0x10 ./lib/libdriver.a(sysctl.o)
                0x00000ef0                SysCtlUSBPLLDisable
 .text.SysCtlVoltageEventConfig
                0x00000f00        0xc ./lib/libdriver.a(sysctl.o)
                0x00000f00                SysCtlVoltageEventConfig
 .text.SysCtlVoltageEventStatus
                0x00000f0c        0xc ./lib/libdriver.a(sysctl.o)
                0x00000f0c                SysCtlVoltageEventStatus
 .text.SysCtlVoltageEventClear
                0x00000f18       0x10 ./lib/libdriver.a(sysctl.o)
                0x00000f18                SysCtlVoltageEventClear
 .text.SysCtlNMIStatus
                0x00000f28        0xc ./lib/libdriver.a(sysctl.o)
                0x00000f28                SysCtlNMIStatus
 .text.SysCtlNMIClear
                0x00000f34       0x10 ./lib/libdriver.a(sysctl.o)
                0x00000f34                SysCtlNMIClear
 .text.SysCtlClockOutConfig
                0x00000f44       0x14 ./lib/libdriver.a(sysctl.o)
                0x00000f44                SysCtlClockOutConfig
 .text.SysCtlAltClkConfig
                0x00000f58        0xc ./lib/libdriver.a(sysctl.o)
                0x00000f58                SysCtlAltClkConfig
 .text          0x00000f64        0x0 ./lib/libdriver.a(cpu.o)
 .text.CPUcpsid
                0x00000f64        0x8 ./lib/libdriver.a(cpu.o)
                0x00000f64                CPUcpsid
 .text.CPUprimask
                0x00000f6c        0x6 ./lib/libdriver.a(cpu.o)
                0x00000f6c                CPUprimask
 .text.CPUcpsie
                0x00000f72        0x8 ./lib/libdriver.a(cpu.o)
                0x00000f72                CPUcpsie
 .text.CPUwfi   0x00000f7a        0x4 ./lib/libdriver.a(cpu.o)
                0x00000f7a                CPUwfi
 .text.CPUbasepriSet
                0x00000f7e        0x6 ./lib/libdriver.a(cpu.o)
                0x00000f7e                CPUbasepriSet
 .text.CPUbasepriGet
                0x00000f84        0x6 ./lib/libdriver.a(cpu.o)
                0x00000f84                CPUbasepriGet
 .text          0x00000f8a        0x0 ./lib/libdriver.a(interrupt.o)
 .text._IntDefaultHandler
                0x00000f8a        0x2 ./lib/libdriver.a(interrupt.o)
 .text.IntMasterEnable
                0x00000f8c        0xe ./lib/libdriver.a(interrupt.o)
                0x00000f8c                IntMasterEnable
 .text.IntMasterDisable
                0x00000f9a        0xe ./lib/libdriver.a(interrupt.o)
                0x00000f9a                IntMasterDisable
 .text.IntRegister
                0x00000fa8       0x30 ./lib/libdriver.a(interrupt.o)
                0x00000fa8                IntRegister
 .text.IntUnregister
                0x00000fd8       0x14 ./lib/libdriver.a(interrupt.o)
                0x00000fd8                IntUnregister
 .text.IntPriorityGroupingSet
                0x00000fec       0x1c ./lib/libdriver.a(interrupt.o)
                0x00000fec                IntPriorityGroupingSet
 .text.IntPriorityGroupingGet
                0x00001008       0x24 ./lib/libdriver.a(interrupt.o)
                0x00001008                IntPriorityGroupingGet
 .text.IntPrioritySet
                0x0000102c       0x28 ./lib/libdriver.a(interrupt.o)
                0x0000102c                IntPrioritySet
 .text.IntPriorityGet
                0x00001054       0x1c ./lib/libdriver.a(interrupt.o)
                0x00001054                IntPriorityGet
 .text.IntEnable
                0x00001070       0x60 ./lib/libdriver.a(interrupt.o)
                0x00001070                IntEnable
 .text.IntDisable
                0x000010d0       0x60 ./lib/libdriver.a(interrupt.o)
                0x000010d0                IntDisable
 .text.IntIsEnabled
                0x00001130       0x64 ./lib/libdriver.a(interrupt.o)
                0x00001130                IntIsEnabled
 .text.IntPendSet
                0x00001194       0x50 ./lib/libdriver.a(interrupt.o)
                0x00001194                IntPendSet
 .text.IntPendClear
                0x000011e4       0x40 ./lib/libdriver.a(interrupt.o)
                0x000011e4                IntPendClear
 .text.IntPriorityMaskSet
                0x00001224        0x4 ./lib/libdriver.a(interrupt.o)
                0x00001224                IntPriorityMaskSet
 .text.IntPriorityMaskGet
                0x00001228        0x4 ./lib/libdriver.a(interrupt.o)
                0x00001228                IntPriorityMaskGet
 .text.IntTrigger
                0x0000122c        0xc ./lib/libdriver.a(interrupt.o)
                0x0000122c                IntTrigger
 .text          0x00001238      0x4c8 ./objects/uartstdio.o
                0x00001238                UARTStdioConfig
                0x000012ac                UARTwrite
                0x00001324                UARTgets
                0x000013e0                UARTgetc
                0x000013fc                UARTvprintf
                0x000016e4                UARTprintf
 .text          0x00001700      0x2c8 ./objects/pinout.o
                0x00001700                PinoutSet
                0x000018f4                LEDWrite
                0x0000196c                LEDRead
 .text          0x000019c8      0xda4 ./objects/gpio.o
                0x00001adc                GPIODirModeSet
                0x00001b34                GPIODirModeGet
                0x00001b84                GPIOIntTypeSet
                0x00001c14                GPIOIntTypeGet
                0x00001c88                GPIOPadConfigSet
                0x00001e1c                GPIOPadConfigGet
                0x00001f28                GPIOIntEnable
                0x00001f50                GPIOIntDisable
                0x00001f7c                GPIOIntStatus
                0x00001fa8                GPIOIntClear
                0x00001fcc                GPIOIntRegister
                0x00002010                GPIOIntUnregister
                0x00002050                GPIOPinRead
                0x00002074                GPIOPinWrite
                0x00002098                GPIOPinTypeADC
                0x000020cc                GPIOPinTypeCAN
                0x00002100                GPIOPinTypeComparator
                0x00002134                GPIOPinTypeEPI
                0x00002168                GPIOPinTypeEthernetLED
                0x0000219c                GPIOPinTypeEthernetMII
                0x000021d0                GPIOPinTypeGPIOInput
                0x00002204                GPIOPinTypeGPIOOutput
                0x00002238                GPIOPinTypeGPIOOutputOD
                0x0000226c                GPIOPinTypeI2C
                0x000022a0                GPIOPinTypeI2CSCL
                0x000022d4                GPIOPinTypeLCD
                0x00002308                GPIOPinTypeLPC
                0x0000233c                GPIOPinTypePECIRx
                0x00002370                GPIOPinTypePECITx
                0x000023a4                GPIOPinTypePWM
                0x000023d8                GPIOPinTypeQEI
                0x0000240c                GPIOPinTypeSSI
                0x00002440                GPIOPinTypeTimer
                0x00002474                GPIOPinTypeUART
                0x000024a8                GPIOPinTypeUSBAnalog
                0x000024dc                GPIOPinTypeUSBDigital
                0x00002510                GPIOPinTypeWakeHigh
                0x00002548                GPIOPinTypeWakeLow
                0x00002580                GPIOPinTypeKBRow
                0x000025b4                GPIOPinTypeKBColumn
                0x000025e8                GPIOPinTypeLEDSeq
                0x0000261c                GPIOPinTypeCIR
                0x00002650                GPIOPinWakeStatus
                0x00002656                GPIOPinConfigure
                0x000026c4                GPIODMATriggerEnable
                0x000026ec                GPIODMATriggerDisable
                0x00002718                GPIOADCTriggerEnable
                0x00002740                GPIOADCTriggerDisable
 .text          0x0000276c        0x0 ./objects/cpu.o
 .text          0x0000276c       0xec ./objects/queue.o
                0x0000276c                queue_append
                0x000027a8                queue_remove
                0x0000280c                queue_size
                0x0000282a                queue_print
 .text          0x00002858      0x73c ./objects/testafila.o
                0x00002858                print_elem
                0x0000289c                fila_correta
                0x00002908                testafila
 .text          0x00002f94      0x194 ./objects/thread.o
                0x00002f94                getCurrentThread
                0x00002fa0                createThread
                0x0000305c                initSysTick
                0x00003080                startSwitcher
                0x00003096                SysTick_Handler
 .text          0x00003128       0x58 ./objects/pingpong-tasks1.o
                0x00003128                BodyPing
                0x0000315c                BodyPong
 .text          0x00003180        0x0 c:/program files (x86)/gnu tools arm embedded/7 2018-q2-update/bin/../lib/gcc/arm-none-eabi/7.3.1/../../../../arm-none-eabi/lib/thumb/v7e-m\libg_nano.a(lib_a-exit.o)
 .text.exit     0x00003180       0x28 c:/program files (x86)/gnu tools arm embedded/7 2018-q2-update/bin/../lib/gcc/arm-none-eabi/7.3.1/../../../../arm-none-eabi/lib/thumb/v7e-m\libg_nano.a(lib_a-exit.o)
                0x00003180                exit
 .text          0x000031a8        0x0 c:/program files (x86)/gnu tools arm embedded/7 2018-q2-update/bin/../lib/gcc/arm-none-eabi/7.3.1/../../../../arm-none-eabi/lib/thumb/v7e-m\libg_nano.a(lib_a-impure.o)
 .text          0x000031a8        0x0 c:/program files (x86)/gnu tools arm embedded/7 2018-q2-update/bin/../lib/gcc/arm-none-eabi/7.3.1/../../../../arm-none-eabi/lib/thumb/v7e-m\libg_nano.a(lib_a-malloc.o)
 .text.malloc   0x000031a8       0x10 c:/program files (x86)/gnu tools arm embedded/7 2018-q2-update/bin/../lib/gcc/arm-none-eabi/7.3.1/../../../../arm-none-eabi/lib/thumb/v7e-m\libg_nano.a(lib_a-malloc.o)
                0x000031a8                malloc
 .text.free     0x000031b8       0x10 c:/program files (x86)/gnu tools arm embedded/7 2018-q2-update/bin/../lib/gcc/arm-none-eabi/7.3.1/../../../../arm-none-eabi/lib/thumb/v7e-m\libg_nano.a(lib_a-malloc.o)
                0x000031b8                free
 .text          0x000031c8        0x0 c:/program files (x86)/gnu tools arm embedded/7 2018-q2-update/bin/../lib/gcc/arm-none-eabi/7.3.1/../../../../arm-none-eabi/lib/thumb/v7e-m\libg_nano.a(lib_a-nano-freer.o)
 .text._free_r  0x000031c8       0x9c c:/program files (x86)/gnu tools arm embedded/7 2018-q2-update/bin/../lib/gcc/arm-none-eabi/7.3.1/../../../../arm-none-eabi/lib/thumb/v7e-m\libg_nano.a(lib_a-nano-freer.o)
                0x000031c8                _free_r
 .text          0x00003264        0x0 c:/program files (x86)/gnu tools arm embedded/7 2018-q2-update/bin/../lib/gcc/arm-none-eabi/7.3.1/../../../../arm-none-eabi/lib/thumb/v7e-m\libg_nano.a(lib_a-nano-mallocr.o)
 .text._malloc_r
                0x00003264       0xb4 c:/program files (x86)/gnu tools arm embedded/7 2018-q2-update/bin/../lib/gcc/arm-none-eabi/7.3.1/../../../../arm-none-eabi/lib/thumb/v7e-m\libg_nano.a(lib_a-nano-mallocr.o)
                0x00003264                _malloc_r
 .text          0x00003318        0x0 c:/program files (x86)/gnu tools arm embedded/7 2018-q2-update/bin/../lib/gcc/arm-none-eabi/7.3.1/../../../../arm-none-eabi/lib/thumb/v7e-m\libg_nano.a(lib_a-puts.o)
 .text._puts_r  0x00003318       0xb8 c:/program files (x86)/gnu tools arm embedded/7 2018-q2-update/bin/../lib/gcc/arm-none-eabi/7.3.1/../../../../arm-none-eabi/lib/thumb/v7e-m\libg_nano.a(lib_a-puts.o)
                0x00003318                _puts_r
 .text.puts     0x000033d0       0x10 c:/program files (x86)/gnu tools arm embedded/7 2018-q2-update/bin/../lib/gcc/arm-none-eabi/7.3.1/../../../../arm-none-eabi/lib/thumb/v7e-m\libg_nano.a(lib_a-puts.o)
                0x000033d0                puts
 .text          0x000033e0        0x0 c:/program files (x86)/gnu tools arm embedded/7 2018-q2-update/bin/../lib/gcc/arm-none-eabi/7.3.1/../../../../arm-none-eabi/lib/thumb/v7e-m\libg_nano.a(lib_a-random.o)
 .text.srandom  0x000033e0       0x48 c:/program files (x86)/gnu tools arm embedded/7 2018-q2-update/bin/../lib/gcc/arm-none-eabi/7.3.1/../../../../arm-none-eabi/lib/thumb/v7e-m\libg_nano.a(lib_a-random.o)
                0x000033e0                srandom
 .text.random   0x00003428       0x68 c:/program files (x86)/gnu tools arm embedded/7 2018-q2-update/bin/../lib/gcc/arm-none-eabi/7.3.1/../../../../arm-none-eabi/lib/thumb/v7e-m\libg_nano.a(lib_a-random.o)
                0x00003428                random
 .text          0x00003490        0x0 c:/program files (x86)/gnu tools arm embedded/7 2018-q2-update/bin/../lib/gcc/arm-none-eabi/7.3.1/../../../../arm-none-eabi/lib/thumb/v7e-m\libg_nano.a(lib_a-sbrkr.o)
 .text._sbrk_r  0x00003490       0x20 c:/program files (x86)/gnu tools arm embedded/7 2018-q2-update/bin/../lib/gcc/arm-none-eabi/7.3.1/../../../../arm-none-eabi/lib/thumb/v7e-m\libg_nano.a(lib_a-sbrkr.o)
                0x00003490                _sbrk_r
 .text          0x000034b0        0x0 c:/program files (x86)/gnu tools arm embedded/7 2018-q2-update/bin/../lib/gcc/arm-none-eabi/7.3.1/../../../../arm-none-eabi/lib/thumb/v7e-m\libg_nano.a(lib_a-wbuf.o)
 .text.__swbuf_r
                0x000034b0       0xa4 c:/program files (x86)/gnu tools arm embedded/7 2018-q2-update/bin/../lib/gcc/arm-none-eabi/7.3.1/../../../../arm-none-eabi/lib/thumb/v7e-m\libg_nano.a(lib_a-wbuf.o)
                0x000034b0                __swbuf_r
 .text.__swbuf  0x00003554       0x10 c:/program files (x86)/gnu tools arm embedded/7 2018-q2-update/bin/../lib/gcc/arm-none-eabi/7.3.1/../../../../arm-none-eabi/lib/thumb/v7e-m\libg_nano.a(lib_a-wbuf.o)
                0x00003554                __swbuf
 .text          0x00003564        0x0 c:/program files (x86)/gnu tools arm embedded/7 2018-q2-update/bin/../lib/gcc/arm-none-eabi/7.3.1/../../../../arm-none-eabi/lib/thumb/v7e-m\libg_nano.a(lib_a-wsetup.o)
 .text.__swsetup_r
                0x00003564       0xdc c:/program files (x86)/gnu tools arm embedded/7 2018-q2-update/bin/../lib/gcc/arm-none-eabi/7.3.1/../../../../arm-none-eabi/lib/thumb/v7e-m\libg_nano.a(lib_a-wsetup.o)
                0x00003564                __swsetup_r
 .text          0x00003640        0x0 c:/program files (x86)/gnu tools arm embedded/7 2018-q2-update/bin/../lib/gcc/arm-none-eabi/7.3.1/../../../../arm-none-eabi/lib/thumb/v7e-m\libg_nano.a(lib_a-fflush.o)
 .text.__sflush_r
                0x00003640      0x10c c:/program files (x86)/gnu tools arm embedded/7 2018-q2-update/bin/../lib/gcc/arm-none-eabi/7.3.1/../../../../arm-none-eabi/lib/thumb/v7e-m\libg_nano.a(lib_a-fflush.o)
                0x00003640                __sflush_r
 .text._fflush_r
                0x0000374c       0x54 c:/program files (x86)/gnu tools arm embedded/7 2018-q2-update/bin/../lib/gcc/arm-none-eabi/7.3.1/../../../../arm-none-eabi/lib/thumb/v7e-m\libg_nano.a(lib_a-fflush.o)
                0x0000374c                _fflush_r
 .text.fflush   0x000037a0       0x24 c:/program files (x86)/gnu tools arm embedded/7 2018-q2-update/bin/../lib/gcc/arm-none-eabi/7.3.1/../../../../arm-none-eabi/lib/thumb/v7e-m\libg_nano.a(lib_a-fflush.o)
                0x000037a0                fflush
 .text          0x000037c4        0x0 c:/program files (x86)/gnu tools arm embedded/7 2018-q2-update/bin/../lib/gcc/arm-none-eabi/7.3.1/../../../../arm-none-eabi/lib/thumb/v7e-m\libg_nano.a(lib_a-findfp.o)
 .text.__fp_lock
                0x000037c4        0x4 c:/program files (x86)/gnu tools arm embedded/7 2018-q2-update/bin/../lib/gcc/arm-none-eabi/7.3.1/../../../../arm-none-eabi/lib/thumb/v7e-m\libg_nano.a(lib_a-findfp.o)
 .text.std      0x000037c8       0x48 c:/program files (x86)/gnu tools arm embedded/7 2018-q2-update/bin/../lib/gcc/arm-none-eabi/7.3.1/../../../../arm-none-eabi/lib/thumb/v7e-m\libg_nano.a(lib_a-findfp.o)
 .text._cleanup_r
                0x00003810        0xc c:/program files (x86)/gnu tools arm embedded/7 2018-q2-update/bin/../lib/gcc/arm-none-eabi/7.3.1/../../../../arm-none-eabi/lib/thumb/v7e-m\libg_nano.a(lib_a-findfp.o)
                0x00003810                _cleanup_r
 .text.__fp_unlock
                0x0000381c        0x4 c:/program files (x86)/gnu tools arm embedded/7 2018-q2-update/bin/../lib/gcc/arm-none-eabi/7.3.1/../../../../arm-none-eabi/lib/thumb/v7e-m\libg_nano.a(lib_a-findfp.o)
 .text.__sfmoreglue
                0x00003820       0x2c c:/program files (x86)/gnu tools arm embedded/7 2018-q2-update/bin/../lib/gcc/arm-none-eabi/7.3.1/../../../../arm-none-eabi/lib/thumb/v7e-m\libg_nano.a(lib_a-findfp.o)
                0x00003820                __sfmoreglue
 .text._cleanup
                0x0000384c        0xc c:/program files (x86)/gnu tools arm embedded/7 2018-q2-update/bin/../lib/gcc/arm-none-eabi/7.3.1/../../../../arm-none-eabi/lib/thumb/v7e-m\libg_nano.a(lib_a-findfp.o)
                0x0000384c                _cleanup
 .text.__sinit  0x00003858       0x60 c:/program files (x86)/gnu tools arm embedded/7 2018-q2-update/bin/../lib/gcc/arm-none-eabi/7.3.1/../../../../arm-none-eabi/lib/thumb/v7e-m\libg_nano.a(lib_a-findfp.o)
                0x00003858                __sinit
 .text.__sfp    0x000038b8       0x78 c:/program files (x86)/gnu tools arm embedded/7 2018-q2-update/bin/../lib/gcc/arm-none-eabi/7.3.1/../../../../arm-none-eabi/lib/thumb/v7e-m\libg_nano.a(lib_a-findfp.o)
                0x000038b8                __sfp
 .text.__sfp_lock_acquire
                0x00003930        0x2 c:/program files (x86)/gnu tools arm embedded/7 2018-q2-update/bin/../lib/gcc/arm-none-eabi/7.3.1/../../../../arm-none-eabi/lib/thumb/v7e-m\libg_nano.a(lib_a-findfp.o)
                0x00003930                __sfp_lock_acquire
 .text.__sfp_lock_release
                0x00003932        0x2 c:/program files (x86)/gnu tools arm embedded/7 2018-q2-update/bin/../lib/gcc/arm-none-eabi/7.3.1/../../../../arm-none-eabi/lib/thumb/v7e-m\libg_nano.a(lib_a-findfp.o)
                0x00003932                __sfp_lock_release
 .text.__sinit_lock_acquire
                0x00003934        0x2 c:/program files (x86)/gnu tools arm embedded/7 2018-q2-update/bin/../lib/gcc/arm-none-eabi/7.3.1/../../../../arm-none-eabi/lib/thumb/v7e-m\libg_nano.a(lib_a-findfp.o)
                0x00003934                __sinit_lock_acquire
 .text.__sinit_lock_release
                0x00003936        0x2 c:/program files (x86)/gnu tools arm embedded/7 2018-q2-update/bin/../lib/gcc/arm-none-eabi/7.3.1/../../../../arm-none-eabi/lib/thumb/v7e-m\libg_nano.a(lib_a-findfp.o)
                0x00003936                __sinit_lock_release
 .text.__fp_lock_all
                0x00003938       0x14 c:/program files (x86)/gnu tools arm embedded/7 2018-q2-update/bin/../lib/gcc/arm-none-eabi/7.3.1/../../../../arm-none-eabi/lib/thumb/v7e-m\libg_nano.a(lib_a-findfp.o)
                0x00003938                __fp_lock_all
 .text.__fp_unlock_all
                0x0000394c       0x14 c:/program files (x86)/gnu tools arm embedded/7 2018-q2-update/bin/../lib/gcc/arm-none-eabi/7.3.1/../../../../arm-none-eabi/lib/thumb/v7e-m\libg_nano.a(lib_a-findfp.o)
                0x0000394c                __fp_unlock_all
 .text          0x00003960        0x0 c:/program files (x86)/gnu tools arm embedded/7 2018-q2-update/bin/../lib/gcc/arm-none-eabi/7.3.1/../../../../arm-none-eabi/lib/thumb/v7e-m\libg_nano.a(lib_a-fwalk.o)
 .text._fwalk   0x00003960       0x38 c:/program files (x86)/gnu tools arm embedded/7 2018-q2-update/bin/../lib/gcc/arm-none-eabi/7.3.1/../../../../arm-none-eabi/lib/thumb/v7e-m\libg_nano.a(lib_a-fwalk.o)
                0x00003960                _fwalk
 .text._fwalk_reent
                0x00003998       0x3c c:/program files (x86)/gnu tools arm embedded/7 2018-q2-update/bin/../lib/gcc/arm-none-eabi/7.3.1/../../../../arm-none-eabi/lib/thumb/v7e-m\libg_nano.a(lib_a-fwalk.o)
                0x00003998                _fwalk_reent
 .text          0x000039d4        0x0 c:/program files (x86)/gnu tools arm embedded/7 2018-q2-update/bin/../lib/gcc/arm-none-eabi/7.3.1/../../../../arm-none-eabi/lib/thumb/v7e-m\libg_nano.a(lib_a-makebuf.o)
 .text.__swhatbuf_r
                0x000039d4       0x48 c:/program files (x86)/gnu tools arm embedded/7 2018-q2-update/bin/../lib/gcc/arm-none-eabi/7.3.1/../../../../arm-none-eabi/lib/thumb/v7e-m\libg_nano.a(lib_a-makebuf.o)
                0x000039d4                __swhatbuf_r
 .text.__smakebuf_r
                0x00003a1c       0x80 c:/program files (x86)/gnu tools arm embedded/7 2018-q2-update/bin/../lib/gcc/arm-none-eabi/7.3.1/../../../../arm-none-eabi/lib/thumb/v7e-m\libg_nano.a(lib_a-makebuf.o)
                0x00003a1c                __smakebuf_r
 .text          0x00003a9c        0x0 c:/program files (x86)/gnu tools arm embedded/7 2018-q2-update/bin/../lib/gcc/arm-none-eabi/7.3.1/../../../../arm-none-eabi/lib/thumb/v7e-m\libg_nano.a(lib_a-memset.o)
 .text.memset   0x00003a9c       0x10 c:/program files (x86)/gnu tools arm embedded/7 2018-q2-update/bin/../lib/gcc/arm-none-eabi/7.3.1/../../../../arm-none-eabi/lib/thumb/v7e-m\libg_nano.a(lib_a-memset.o)
                0x00003a9c                memset
 .text          0x00003aac        0x0 c:/program files (x86)/gnu tools arm embedded/7 2018-q2-update/bin/../lib/gcc/arm-none-eabi/7.3.1/../../../../arm-none-eabi/lib/thumb/v7e-m\libg_nano.a(lib_a-mlock.o)
 .text.__malloc_lock
                0x00003aac        0x2 c:/program files (x86)/gnu tools arm embedded/7 2018-q2-update/bin/../lib/gcc/arm-none-eabi/7.3.1/../../../../arm-none-eabi/lib/thumb/v7e-m\libg_nano.a(lib_a-mlock.o)
                0x00003aac                __malloc_lock
 .text.__malloc_unlock
                0x00003aae        0x2 c:/program files (x86)/gnu tools arm embedded/7 2018-q2-update/bin/../lib/gcc/arm-none-eabi/7.3.1/../../../../arm-none-eabi/lib/thumb/v7e-m\libg_nano.a(lib_a-mlock.o)
                0x00003aae                __malloc_unlock
 .text          0x00003ab0        0x0 c:/program files (x86)/gnu tools arm embedded/7 2018-q2-update/bin/../lib/gcc/arm-none-eabi/7.3.1/../../../../arm-none-eabi/lib/thumb/v7e-m\libg_nano.a(lib_a-reent.o)
 .text.cleanup_glue
                0x00003ab0       0x1a c:/program files (x86)/gnu tools arm embedded/7 2018-q2-update/bin/../lib/gcc/arm-none-eabi/7.3.1/../../../../arm-none-eabi/lib/thumb/v7e-m\libg_nano.a(lib_a-reent.o)
                0x00003ab0                cleanup_glue
 *fill*         0x00003aca        0x2 
 .text._reclaim_reent
                0x00003acc       0xb8 c:/program files (x86)/gnu tools arm embedded/7 2018-q2-update/bin/../lib/gcc/arm-none-eabi/7.3.1/../../../../arm-none-eabi/lib/thumb/v7e-m\libg_nano.a(lib_a-reent.o)
                0x00003acc                _reclaim_reent
 .text          0x00003b84        0x0 c:/program files (x86)/gnu tools arm embedded/7 2018-q2-update/bin/../lib/gcc/arm-none-eabi/7.3.1/../../../../arm-none-eabi/lib/thumb/v7e-m\libg_nano.a(lib_a-stdio.o)
 .text.__sread  0x00003b84       0x22 c:/program files (x86)/gnu tools arm embedded/7 2018-q2-update/bin/../lib/gcc/arm-none-eabi/7.3.1/../../../../arm-none-eabi/lib/thumb/v7e-m\libg_nano.a(lib_a-stdio.o)
                0x00003b84                __sread
 .text.__seofread
                0x00003ba6        0x4 c:/program files (x86)/gnu tools arm embedded/7 2018-q2-update/bin/../lib/gcc/arm-none-eabi/7.3.1/../../../../arm-none-eabi/lib/thumb/v7e-m\libg_nano.a(lib_a-stdio.o)
                0x00003ba6                __seofread
 .text.__swrite
                0x00003baa       0x38 c:/program files (x86)/gnu tools arm embedded/7 2018-q2-update/bin/../lib/gcc/arm-none-eabi/7.3.1/../../../../arm-none-eabi/lib/thumb/v7e-m\libg_nano.a(lib_a-stdio.o)
                0x00003baa                __swrite
 .text.__sseek  0x00003be2       0x24 c:/program files (x86)/gnu tools arm embedded/7 2018-q2-update/bin/../lib/gcc/arm-none-eabi/7.3.1/../../../../arm-none-eabi/lib/thumb/v7e-m\libg_nano.a(lib_a-stdio.o)
                0x00003be2                __sseek
 .text.__sclose
                0x00003c06        0x8 c:/program files (x86)/gnu tools arm embedded/7 2018-q2-update/bin/../lib/gcc/arm-none-eabi/7.3.1/../../../../arm-none-eabi/lib/thumb/v7e-m\libg_nano.a(lib_a-stdio.o)
                0x00003c06                __sclose
 .text          0x00003c0e        0x0 c:/program files (x86)/gnu tools arm embedded/7 2018-q2-update/bin/../lib/gcc/arm-none-eabi/7.3.1/../../../../arm-none-eabi/lib/thumb/v7e-m\libg_nano.a(lib_a-writer.o)
 *fill*         0x00003c0e        0x2 
 .text._write_r
                0x00003c10       0x24 c:/program files (x86)/gnu tools arm embedded/7 2018-q2-update/bin/../lib/gcc/arm-none-eabi/7.3.1/../../../../arm-none-eabi/lib/thumb/v7e-m\libg_nano.a(lib_a-writer.o)
                0x00003c10                _write_r
 .text          0x00003c34        0x0 c:/program files (x86)/gnu tools arm embedded/7 2018-q2-update/bin/../lib/gcc/arm-none-eabi/7.3.1/../../../../arm-none-eabi/lib/thumb/v7e-m\libg_nano.a(lib_a-closer.o)
 .text._close_r
                0x00003c34       0x20 c:/program files (x86)/gnu tools arm embedded/7 2018-q2-update/bin/../lib/gcc/arm-none-eabi/7.3.1/../../../../arm-none-eabi/lib/thumb/v7e-m\libg_nano.a(lib_a-closer.o)
                0x00003c34                _close_r
 .text          0x00003c54        0x0 c:/program files (x86)/gnu tools arm embedded/7 2018-q2-update/bin/../lib/gcc/arm-none-eabi/7.3.1/../../../../arm-none-eabi/lib/thumb/v7e-m\libg_nano.a(lib_a-fstatr.o)
 .text._fstat_r
                0x00003c54       0x24 c:/program files (x86)/gnu tools arm embedded/7 2018-q2-update/bin/../lib/gcc/arm-none-eabi/7.3.1/../../../../arm-none-eabi/lib/thumb/v7e-m\libg_nano.a(lib_a-fstatr.o)
                0x00003c54                _fstat_r
 .text          0x00003c78        0x0 c:/program files (x86)/gnu tools arm embedded/7 2018-q2-update/bin/../lib/gcc/arm-none-eabi/7.3.1/../../../../arm-none-eabi/lib/thumb/v7e-m\libg_nano.a(lib_a-isattyr.o)
 .text._isatty_r
                0x00003c78       0x20 c:/program files (x86)/gnu tools arm embedded/7 2018-q2-update/bin/../lib/gcc/arm-none-eabi/7.3.1/../../../../arm-none-eabi/lib/thumb/v7e-m\libg_nano.a(lib_a-isattyr.o)
                0x00003c78                _isatty_r
 .text          0x00003c98        0x0 c:/program files (x86)/gnu tools arm embedded/7 2018-q2-update/bin/../lib/gcc/arm-none-eabi/7.3.1/../../../../arm-none-eabi/lib/thumb/v7e-m\libg_nano.a(lib_a-lseekr.o)
 .text._lseek_r
                0x00003c98       0x24 c:/program files (x86)/gnu tools arm embedded/7 2018-q2-update/bin/../lib/gcc/arm-none-eabi/7.3.1/../../../../arm-none-eabi/lib/thumb/v7e-m\libg_nano.a(lib_a-lseekr.o)
                0x00003c98                _lseek_r
 .text          0x00003cbc        0x0 c:/program files (x86)/gnu tools arm embedded/7 2018-q2-update/bin/../lib/gcc/arm-none-eabi/7.3.1/../../../../arm-none-eabi/lib/thumb/v7e-m\libg_nano.a(lib_a-readr.o)
 .text._read_r  0x00003cbc       0x24 c:/program files (x86)/gnu tools arm embedded/7 2018-q2-update/bin/../lib/gcc/arm-none-eabi/7.3.1/../../../../arm-none-eabi/lib/thumb/v7e-m\libg_nano.a(lib_a-readr.o)
                0x00003cbc                _read_r
 .text          0x00003ce0        0x0 c:/program files (x86)/gnu tools arm embedded/7 2018-q2-update/bin/../lib/gcc/arm-none-eabi/7.3.1/../../../../arm-none-eabi/lib/thumb/v7e-m\libnosys.a(close.o)
 .text._close   0x00003ce0       0x10 c:/program files (x86)/gnu tools arm embedded/7 2018-q2-update/bin/../lib/gcc/arm-none-eabi/7.3.1/../../../../arm-none-eabi/lib/thumb/v7e-m\libnosys.a(close.o)
                0x00003ce0                _close
 .text          0x00003cf0        0x0 c:/program files (x86)/gnu tools arm embedded/7 2018-q2-update/bin/../lib/gcc/arm-none-eabi/7.3.1/../../../../arm-none-eabi/lib/thumb/v7e-m\libnosys.a(fstat.o)
 .text._fstat   0x00003cf0       0x10 c:/program files (x86)/gnu tools arm embedded/7 2018-q2-update/bin/../lib/gcc/arm-none-eabi/7.3.1/../../../../arm-none-eabi/lib/thumb/v7e-m\libnosys.a(fstat.o)
                0x00003cf0                _fstat
 .text          0x00003d00        0x0 c:/program files (x86)/gnu tools arm embedded/7 2018-q2-update/bin/../lib/gcc/arm-none-eabi/7.3.1/../../../../arm-none-eabi/lib/thumb/v7e-m\libnosys.a(isatty.o)
 .text._isatty  0x00003d00       0x10 c:/program files (x86)/gnu tools arm embedded/7 2018-q2-update/bin/../lib/gcc/arm-none-eabi/7.3.1/../../../../arm-none-eabi/lib/thumb/v7e-m\libnosys.a(isatty.o)
                0x00003d00                _isatty
 .text          0x00003d10        0x0 c:/program files (x86)/gnu tools arm embedded/7 2018-q2-update/bin/../lib/gcc/arm-none-eabi/7.3.1/../../../../arm-none-eabi/lib/thumb/v7e-m\libnosys.a(lseek.o)
 .text._lseek   0x00003d10       0x10 c:/program files (x86)/gnu tools arm embedded/7 2018-q2-update/bin/../lib/gcc/arm-none-eabi/7.3.1/../../../../arm-none-eabi/lib/thumb/v7e-m\libnosys.a(lseek.o)
                0x00003d10                _lseek
 .text          0x00003d20        0x0 c:/program files (x86)/gnu tools arm embedded/7 2018-q2-update/bin/../lib/gcc/arm-none-eabi/7.3.1/../../../../arm-none-eabi/lib/thumb/v7e-m\libnosys.a(read.o)
 .text._read    0x00003d20       0x10 c:/program files (x86)/gnu tools arm embedded/7 2018-q2-update/bin/../lib/gcc/arm-none-eabi/7.3.1/../../../../arm-none-eabi/lib/thumb/v7e-m\libnosys.a(read.o)
                0x00003d20                _read
 .text          0x00003d30        0x0 c:/program files (x86)/gnu tools arm embedded/7 2018-q2-update/bin/../lib/gcc/arm-none-eabi/7.3.1/../../../../arm-none-eabi/lib/thumb/v7e-m\libnosys.a(sbrk.o)
 .text._sbrk    0x00003d30       0x1c c:/program files (x86)/gnu tools arm embedded/7 2018-q2-update/bin/../lib/gcc/arm-none-eabi/7.3.1/../../../../arm-none-eabi/lib/thumb/v7e-m\libnosys.a(sbrk.o)
                0x00003d30                _sbrk
 .text          0x00003d4c        0x0 c:/program files (x86)/gnu tools arm embedded/7 2018-q2-update/bin/../lib/gcc/arm-none-eabi/7.3.1/../../../../arm-none-eabi/lib/thumb/v7e-m\libnosys.a(write.o)
 .text._write   0x00003d4c       0x10 c:/program files (x86)/gnu tools arm embedded/7 2018-q2-update/bin/../lib/gcc/arm-none-eabi/7.3.1/../../../../arm-none-eabi/lib/thumb/v7e-m\libnosys.a(write.o)
                0x00003d4c                _write
 .text          0x00003d5c        0x0 c:/program files (x86)/gnu tools arm embedded/7 2018-q2-update/bin/../lib/gcc/arm-none-eabi/7.3.1/../../../../arm-none-eabi/lib/thumb/v7e-m\libnosys.a(_exit.o)
 .text._exit    0x00003d5c        0x4 c:/program files (x86)/gnu tools arm embedded/7 2018-q2-update/bin/../lib/gcc/arm-none-eabi/7.3.1/../../../../arm-none-eabi/lib/thumb/v7e-m\libnosys.a(_exit.o)
                0x00003d5c                _exit
 *(.rodata*)
 .rodata.str1.4
                0x00003d60       0xaa ./objects/hello.o
 *fill*         0x00003e0a        0x2 
 .rodata.g_pppui32XTALtoVCO
                0x00003e0c      0x120 ./lib/libdriver.a(sysctl.o)
 .rodata.g_pui32VCOFrequencies
                0x00003f2c        0x8 ./lib/libdriver.a(sysctl.o)
 .rodata.g_sXTALtoMEMTIM
                0x00003f34       0x30 ./lib/libdriver.a(sysctl.o)
 .rodata.g_pui32Xtals
                0x00003f64       0x6c ./lib/libdriver.a(sysctl.o)
 .rodata.g_pui32Priority
                0x00003fd0       0x20 ./lib/libdriver.a(interrupt.o)
 .rodata.g_pui32Dii16Regs
                0x00003ff0       0x14 ./lib/libdriver.a(interrupt.o)
 .rodata.g_pui32PendRegs
                0x00004004       0x14 ./lib/libdriver.a(interrupt.o)
 .rodata.g_pui32Regs
                0x00004018       0x9c ./lib/libdriver.a(interrupt.o)
 .rodata.g_pui32EnRegs
                0x000040b4       0x14 ./lib/libdriver.a(interrupt.o)
 .rodata.g_pui32UnpendRegs
                0x000040c8       0x14 ./lib/libdriver.a(interrupt.o)
 .rodata        0x000040dc       0x18 ./objects/uartstdio.o
 .rodata.str1.4
                0x000040f4       0x32 ./objects/uartstdio.o
 *fill*         0x00004126        0x2 
 .rodata        0x00004128      0x210 ./objects/gpio.o
 .rodata.str1.4
                0x00004338        0x7 ./objects/gpio.o
 .rodata.str1.4
                0x0000433f        0x7 ./objects/queue.o
                                  0x2 (size before relaxing)
 *fill*         0x0000433f        0x1 
 .rodata.str1.4
                0x00004340      0x582 ./objects/testafila.o
 *fill*         0x000048c2        0x2 
 .rodata.str1.4
                0x000048c4       0x10 ./objects/pingpong-tasks1.o
                                  0xe (size before relaxing)
 .rodata._global_impure_ptr
                0x000048d4        0x4 c:/program files (x86)/gnu tools arm embedded/7 2018-q2-update/bin/../lib/gcc/arm-none-eabi/7.3.1/../../../../arm-none-eabi/lib/thumb/v7e-m\libg_nano.a(lib_a-impure.o)
                0x000048d4                _global_impure_ptr
 .rodata.__sf_fake_stderr
                0x000048d8       0x20 c:/program files (x86)/gnu tools arm embedded/7 2018-q2-update/bin/../lib/gcc/arm-none-eabi/7.3.1/../../../../arm-none-eabi/lib/thumb/v7e-m\libg_nano.a(lib_a-findfp.o)
                0x000048d8                __sf_fake_stderr
 .rodata.__sf_fake_stdin
                0x000048f8       0x20 c:/program files (x86)/gnu tools arm embedded/7 2018-q2-update/bin/../lib/gcc/arm-none-eabi/7.3.1/../../../../arm-none-eabi/lib/thumb/v7e-m\libg_nano.a(lib_a-findfp.o)
                0x000048f8                __sf_fake_stdin
 .rodata.__sf_fake_stdout
                0x00004918       0x20 c:/program files (x86)/gnu tools arm embedded/7 2018-q2-update/bin/../lib/gcc/arm-none-eabi/7.3.1/../../../../arm-none-eabi/lib/thumb/v7e-m\libg_nano.a(lib_a-findfp.o)
                0x00004918                __sf_fake_stdout
                0x00004938                _etext = .

.glue_7         0x00004938        0x0
 .glue_7        0x00004938        0x0 linker stubs

.glue_7t        0x00004938        0x0
 .glue_7t       0x00004938        0x0 linker stubs

.vfp11_veneer   0x00004938        0x0
 .vfp11_veneer  0x00004938        0x0 linker stubs

.v4_bx          0x00004938        0x0
 .v4_bx         0x00004938        0x0 linker stubs

.iplt           0x00004938        0x0
 .iplt          0x00004938        0x0 ./objects/startup_gcc.o

.rel.dyn        0x00004938        0x0
 .rel.iplt      0x00004938        0x0 ./objects/startup_gcc.o

.data           0x20000000      0x468 load address 0x00004938
                0x20000000                _data = .
 *(vtable)
 vtable         0x20000000      0x400 ./lib/libdriver.a(interrupt.o)
 *(.data*)
 .data          0x20000400        0x0 ./objects/startup_gcc.o
 .data          0x20000400        0x0 ./objects/hello.o
 .data          0x20000400        0x0 ./lib/libdriver.a(sysctl.o)
 .data          0x20000400        0x0 ./lib/libdriver.a(cpu.o)
 .data          0x20000400        0x0 ./lib/libdriver.a(interrupt.o)
 .data          0x20000400        0x0 ./objects/uartstdio.o
 .data          0x20000400        0x0 ./objects/pinout.o
 .data          0x20000400        0x0 ./objects/gpio.o
 .data          0x20000400        0x0 ./objects/cpu.o
 .data          0x20000400        0x0 ./objects/queue.o
 .data          0x20000400        0x0 ./objects/testafila.o
 .data          0x20000400        0x4 ./objects/thread.o
                0x20000400                TCB_Size
 .data          0x20000404        0x0 ./objects/pingpong-tasks1.o
 .data          0x20000404        0x0 c:/program files (x86)/gnu tools arm embedded/7 2018-q2-update/bin/../lib/gcc/arm-none-eabi/7.3.1/../../../../arm-none-eabi/lib/thumb/v7e-m\libg_nano.a(lib_a-exit.o)
 .data          0x20000404        0x0 c:/program files (x86)/gnu tools arm embedded/7 2018-q2-update/bin/../lib/gcc/arm-none-eabi/7.3.1/../../../../arm-none-eabi/lib/thumb/v7e-m\libg_nano.a(lib_a-impure.o)
 .data._impure_ptr
                0x20000404        0x4 c:/program files (x86)/gnu tools arm embedded/7 2018-q2-update/bin/../lib/gcc/arm-none-eabi/7.3.1/../../../../arm-none-eabi/lib/thumb/v7e-m\libg_nano.a(lib_a-impure.o)
                0x20000404                _impure_ptr
 .data.impure_data
                0x20000408       0x60 c:/program files (x86)/gnu tools arm embedded/7 2018-q2-update/bin/../lib/gcc/arm-none-eabi/7.3.1/../../../../arm-none-eabi/lib/thumb/v7e-m\libg_nano.a(lib_a-impure.o)
 .data          0x20000468        0x0 c:/program files (x86)/gnu tools arm embedded/7 2018-q2-update/bin/../lib/gcc/arm-none-eabi/7.3.1/../../../../arm-none-eabi/lib/thumb/v7e-m\libg_nano.a(lib_a-malloc.o)
 .data          0x20000468        0x0 c:/program files (x86)/gnu tools arm embedded/7 2018-q2-update/bin/../lib/gcc/arm-none-eabi/7.3.1/../../../../arm-none-eabi/lib/thumb/v7e-m\libg_nano.a(lib_a-nano-freer.o)
 .data          0x20000468        0x0 c:/program files (x86)/gnu tools arm embedded/7 2018-q2-update/bin/../lib/gcc/arm-none-eabi/7.3.1/../../../../arm-none-eabi/lib/thumb/v7e-m\libg_nano.a(lib_a-nano-mallocr.o)
 .data          0x20000468        0x0 c:/program files (x86)/gnu tools arm embedded/7 2018-q2-update/bin/../lib/gcc/arm-none-eabi/7.3.1/../../../../arm-none-eabi/lib/thumb/v7e-m\libg_nano.a(lib_a-puts.o)
 .data          0x20000468        0x0 c:/program files (x86)/gnu tools arm embedded/7 2018-q2-update/bin/../lib/gcc/arm-none-eabi/7.3.1/../../../../arm-none-eabi/lib/thumb/v7e-m\libg_nano.a(lib_a-random.o)
 .data          0x20000468        0x0 c:/program files (x86)/gnu tools arm embedded/7 2018-q2-update/bin/../lib/gcc/arm-none-eabi/7.3.1/../../../../arm-none-eabi/lib/thumb/v7e-m\libg_nano.a(lib_a-sbrkr.o)
 .data          0x20000468        0x0 c:/program files (x86)/gnu tools arm embedded/7 2018-q2-update/bin/../lib/gcc/arm-none-eabi/7.3.1/../../../../arm-none-eabi/lib/thumb/v7e-m\libg_nano.a(lib_a-wbuf.o)
 .data          0x20000468        0x0 c:/program files (x86)/gnu tools arm embedded/7 2018-q2-update/bin/../lib/gcc/arm-none-eabi/7.3.1/../../../../arm-none-eabi/lib/thumb/v7e-m\libg_nano.a(lib_a-wsetup.o)
 .data          0x20000468        0x0 c:/program files (x86)/gnu tools arm embedded/7 2018-q2-update/bin/../lib/gcc/arm-none-eabi/7.3.1/../../../../arm-none-eabi/lib/thumb/v7e-m\libg_nano.a(lib_a-fflush.o)
 .data          0x20000468        0x0 c:/program files (x86)/gnu tools arm embedded/7 2018-q2-update/bin/../lib/gcc/arm-none-eabi/7.3.1/../../../../arm-none-eabi/lib/thumb/v7e-m\libg_nano.a(lib_a-findfp.o)
 .data          0x20000468        0x0 c:/program files (x86)/gnu tools arm embedded/7 2018-q2-update/bin/../lib/gcc/arm-none-eabi/7.3.1/../../../../arm-none-eabi/lib/thumb/v7e-m\libg_nano.a(lib_a-fwalk.o)
 .data          0x20000468        0x0 c:/program files (x86)/gnu tools arm embedded/7 2018-q2-update/bin/../lib/gcc/arm-none-eabi/7.3.1/../../../../arm-none-eabi/lib/thumb/v7e-m\libg_nano.a(lib_a-makebuf.o)
 .data          0x20000468        0x0 c:/program files (x86)/gnu tools arm embedded/7 2018-q2-update/bin/../lib/gcc/arm-none-eabi/7.3.1/../../../../arm-none-eabi/lib/thumb/v7e-m\libg_nano.a(lib_a-memset.o)
 .data          0x20000468        0x0 c:/program files (x86)/gnu tools arm embedded/7 2018-q2-update/bin/../lib/gcc/arm-none-eabi/7.3.1/../../../../arm-none-eabi/lib/thumb/v7e-m\libg_nano.a(lib_a-mlock.o)
 .data          0x20000468        0x0 c:/program files (x86)/gnu tools arm embedded/7 2018-q2-update/bin/../lib/gcc/arm-none-eabi/7.3.1/../../../../arm-none-eabi/lib/thumb/v7e-m\libg_nano.a(lib_a-reent.o)
 .data          0x20000468        0x0 c:/program files (x86)/gnu tools arm embedded/7 2018-q2-update/bin/../lib/gcc/arm-none-eabi/7.3.1/../../../../arm-none-eabi/lib/thumb/v7e-m\libg_nano.a(lib_a-stdio.o)
 .data          0x20000468        0x0 c:/program files (x86)/gnu tools arm embedded/7 2018-q2-update/bin/../lib/gcc/arm-none-eabi/7.3.1/../../../../arm-none-eabi/lib/thumb/v7e-m\libg_nano.a(lib_a-writer.o)
 .data          0x20000468        0x0 c:/program files (x86)/gnu tools arm embedded/7 2018-q2-update/bin/../lib/gcc/arm-none-eabi/7.3.1/../../../../arm-none-eabi/lib/thumb/v7e-m\libg_nano.a(lib_a-closer.o)
 .data          0x20000468        0x0 c:/program files (x86)/gnu tools arm embedded/7 2018-q2-update/bin/../lib/gcc/arm-none-eabi/7.3.1/../../../../arm-none-eabi/lib/thumb/v7e-m\libg_nano.a(lib_a-fstatr.o)
 .data          0x20000468        0x0 c:/program files (x86)/gnu tools arm embedded/7 2018-q2-update/bin/../lib/gcc/arm-none-eabi/7.3.1/../../../../arm-none-eabi/lib/thumb/v7e-m\libg_nano.a(lib_a-isattyr.o)
 .data          0x20000468        0x0 c:/program files (x86)/gnu tools arm embedded/7 2018-q2-update/bin/../lib/gcc/arm-none-eabi/7.3.1/../../../../arm-none-eabi/lib/thumb/v7e-m\libg_nano.a(lib_a-lseekr.o)
 .data          0x20000468        0x0 c:/program files (x86)/gnu tools arm embedded/7 2018-q2-update/bin/../lib/gcc/arm-none-eabi/7.3.1/../../../../arm-none-eabi/lib/thumb/v7e-m\libg_nano.a(lib_a-readr.o)
 .data          0x20000468        0x0 c:/program files (x86)/gnu tools arm embedded/7 2018-q2-update/bin/../lib/gcc/arm-none-eabi/7.3.1/../../../../arm-none-eabi/lib/thumb/v7e-m\libnosys.a(close.o)
 .data          0x20000468        0x0 c:/program files (x86)/gnu tools arm embedded/7 2018-q2-update/bin/../lib/gcc/arm-none-eabi/7.3.1/../../../../arm-none-eabi/lib/thumb/v7e-m\libnosys.a(fstat.o)
 .data          0x20000468        0x0 c:/program files (x86)/gnu tools arm embedded/7 2018-q2-update/bin/../lib/gcc/arm-none-eabi/7.3.1/../../../../arm-none-eabi/lib/thumb/v7e-m\libnosys.a(isatty.o)
 .data          0x20000468        0x0 c:/program files (x86)/gnu tools arm embedded/7 2018-q2-update/bin/../lib/gcc/arm-none-eabi/7.3.1/../../../../arm-none-eabi/lib/thumb/v7e-m\libnosys.a(lseek.o)
 .data          0x20000468        0x0 c:/program files (x86)/gnu tools arm embedded/7 2018-q2-update/bin/../lib/gcc/arm-none-eabi/7.3.1/../../../../arm-none-eabi/lib/thumb/v7e-m\libnosys.a(read.o)
 .data          0x20000468        0x0 c:/program files (x86)/gnu tools arm embedded/7 2018-q2-update/bin/../lib/gcc/arm-none-eabi/7.3.1/../../../../arm-none-eabi/lib/thumb/v7e-m\libnosys.a(sbrk.o)
 .data          0x20000468        0x0 c:/program files (x86)/gnu tools arm embedded/7 2018-q2-update/bin/../lib/gcc/arm-none-eabi/7.3.1/../../../../arm-none-eabi/lib/thumb/v7e-m\libnosys.a(write.o)
 .data          0x20000468        0x0 c:/program files (x86)/gnu tools arm embedded/7 2018-q2-update/bin/../lib/gcc/arm-none-eabi/7.3.1/../../../../arm-none-eabi/lib/thumb/v7e-m\libnosys.a(_exit.o)
                0x20000468                _edata = .

.igot.plt       0x20000468        0x0 load address 0x00004da0
 .igot.plt      0x20000468        0x0 ./objects/startup_gcc.o

.bss            0x20000468     0x247c load address 0x00004da0
                0x20000468                _bss = .
 *(.bss*)
 .bss           0x20000468      0x200 ./objects/startup_gcc.o
 .bss           0x20000668        0x4 ./objects/hello.o
                0x20000668                activeThread
 .bss           0x2000066c        0x0 ./lib/libdriver.a(sysctl.o)
 .bss           0x2000066c        0x0 ./lib/libdriver.a(cpu.o)
 .bss           0x2000066c        0x0 ./lib/libdriver.a(interrupt.o)
 .bss           0x2000066c        0x5 ./objects/uartstdio.o
 .bss           0x20000671        0x0 ./objects/pinout.o
 .bss           0x20000671        0x0 ./objects/gpio.o
 .bss           0x20000671        0x0 ./objects/cpu.o
 .bss           0x20000671        0x0 ./objects/queue.o
 .bss           0x20000671        0x0 ./objects/testafila.o
 *fill*         0x20000671        0x3 
 .bss           0x20000674        0x8 ./objects/thread.o
                0x20000674                ThreadIndex
                0x20000678                ThreadCount
 .bss           0x2000067c        0x1 ./objects/pingpong-tasks1.o
                0x2000067c                pingpong
 .bss           0x2000067d        0x0 c:/program files (x86)/gnu tools arm embedded/7 2018-q2-update/bin/../lib/gcc/arm-none-eabi/7.3.1/../../../../arm-none-eabi/lib/thumb/v7e-m\libg_nano.a(lib_a-exit.o)
 .bss           0x2000067d        0x0 c:/program files (x86)/gnu tools arm embedded/7 2018-q2-update/bin/../lib/gcc/arm-none-eabi/7.3.1/../../../../arm-none-eabi/lib/thumb/v7e-m\libg_nano.a(lib_a-impure.o)
 .bss           0x2000067d        0x0 c:/program files (x86)/gnu tools arm embedded/7 2018-q2-update/bin/../lib/gcc/arm-none-eabi/7.3.1/../../../../arm-none-eabi/lib/thumb/v7e-m\libg_nano.a(lib_a-malloc.o)
 .bss           0x2000067d        0x0 c:/program files (x86)/gnu tools arm embedded/7 2018-q2-update/bin/../lib/gcc/arm-none-eabi/7.3.1/../../../../arm-none-eabi/lib/thumb/v7e-m\libg_nano.a(lib_a-nano-freer.o)
 .bss           0x2000067d        0x0 c:/program files (x86)/gnu tools arm embedded/7 2018-q2-update/bin/../lib/gcc/arm-none-eabi/7.3.1/../../../../arm-none-eabi/lib/thumb/v7e-m\libg_nano.a(lib_a-nano-mallocr.o)
 *fill*         0x2000067d        0x3 
 .bss.__malloc_free_list
                0x20000680        0x4 c:/program files (x86)/gnu tools arm embedded/7 2018-q2-update/bin/../lib/gcc/arm-none-eabi/7.3.1/../../../../arm-none-eabi/lib/thumb/v7e-m\libg_nano.a(lib_a-nano-mallocr.o)
                0x20000680                __malloc_free_list
 .bss.__malloc_sbrk_start
                0x20000684        0x4 c:/program files (x86)/gnu tools arm embedded/7 2018-q2-update/bin/../lib/gcc/arm-none-eabi/7.3.1/../../../../arm-none-eabi/lib/thumb/v7e-m\libg_nano.a(lib_a-nano-mallocr.o)
                0x20000684                __malloc_sbrk_start
 .bss           0x20000688        0x0 c:/program files (x86)/gnu tools arm embedded/7 2018-q2-update/bin/../lib/gcc/arm-none-eabi/7.3.1/../../../../arm-none-eabi/lib/thumb/v7e-m\libg_nano.a(lib_a-puts.o)
 .bss           0x20000688        0x0 c:/program files (x86)/gnu tools arm embedded/7 2018-q2-update/bin/../lib/gcc/arm-none-eabi/7.3.1/../../../../arm-none-eabi/lib/thumb/v7e-m\libg_nano.a(lib_a-random.o)
 .bss           0x20000688        0x0 c:/program files (x86)/gnu tools arm embedded/7 2018-q2-update/bin/../lib/gcc/arm-none-eabi/7.3.1/../../../../arm-none-eabi/lib/thumb/v7e-m\libg_nano.a(lib_a-sbrkr.o)
 .bss           0x20000688        0x0 c:/program files (x86)/gnu tools arm embedded/7 2018-q2-update/bin/../lib/gcc/arm-none-eabi/7.3.1/../../../../arm-none-eabi/lib/thumb/v7e-m\libg_nano.a(lib_a-wbuf.o)
 .bss           0x20000688        0x0 c:/program files (x86)/gnu tools arm embedded/7 2018-q2-update/bin/../lib/gcc/arm-none-eabi/7.3.1/../../../../arm-none-eabi/lib/thumb/v7e-m\libg_nano.a(lib_a-wsetup.o)
 .bss           0x20000688        0x0 c:/program files (x86)/gnu tools arm embedded/7 2018-q2-update/bin/../lib/gcc/arm-none-eabi/7.3.1/../../../../arm-none-eabi/lib/thumb/v7e-m\libg_nano.a(lib_a-fflush.o)
 .bss           0x20000688        0x0 c:/program files (x86)/gnu tools arm embedded/7 2018-q2-update/bin/../lib/gcc/arm-none-eabi/7.3.1/../../../../arm-none-eabi/lib/thumb/v7e-m\libg_nano.a(lib_a-findfp.o)
 .bss           0x20000688        0x0 c:/program files (x86)/gnu tools arm embedded/7 2018-q2-update/bin/../lib/gcc/arm-none-eabi/7.3.1/../../../../arm-none-eabi/lib/thumb/v7e-m\libg_nano.a(lib_a-fwalk.o)
 .bss           0x20000688        0x0 c:/program files (x86)/gnu tools arm embedded/7 2018-q2-update/bin/../lib/gcc/arm-none-eabi/7.3.1/../../../../arm-none-eabi/lib/thumb/v7e-m\libg_nano.a(lib_a-makebuf.o)
 .bss           0x20000688        0x0 c:/program files (x86)/gnu tools arm embedded/7 2018-q2-update/bin/../lib/gcc/arm-none-eabi/7.3.1/../../../../arm-none-eabi/lib/thumb/v7e-m\libg_nano.a(lib_a-memset.o)
 .bss           0x20000688        0x0 c:/program files (x86)/gnu tools arm embedded/7 2018-q2-update/bin/../lib/gcc/arm-none-eabi/7.3.1/../../../../arm-none-eabi/lib/thumb/v7e-m\libg_nano.a(lib_a-mlock.o)
 .bss           0x20000688        0x0 c:/program files (x86)/gnu tools arm embedded/7 2018-q2-update/bin/../lib/gcc/arm-none-eabi/7.3.1/../../../../arm-none-eabi/lib/thumb/v7e-m\libg_nano.a(lib_a-reent.o)
 .bss           0x20000688        0x0 c:/program files (x86)/gnu tools arm embedded/7 2018-q2-update/bin/../lib/gcc/arm-none-eabi/7.3.1/../../../../arm-none-eabi/lib/thumb/v7e-m\libg_nano.a(lib_a-stdio.o)
 .bss           0x20000688        0x0 c:/program files (x86)/gnu tools arm embedded/7 2018-q2-update/bin/../lib/gcc/arm-none-eabi/7.3.1/../../../../arm-none-eabi/lib/thumb/v7e-m\libg_nano.a(lib_a-writer.o)
 .bss           0x20000688        0x0 c:/program files (x86)/gnu tools arm embedded/7 2018-q2-update/bin/../lib/gcc/arm-none-eabi/7.3.1/../../../../arm-none-eabi/lib/thumb/v7e-m\libg_nano.a(lib_a-closer.o)
 .bss           0x20000688        0x0 c:/program files (x86)/gnu tools arm embedded/7 2018-q2-update/bin/../lib/gcc/arm-none-eabi/7.3.1/../../../../arm-none-eabi/lib/thumb/v7e-m\libg_nano.a(lib_a-fstatr.o)
 .bss           0x20000688        0x0 c:/program files (x86)/gnu tools arm embedded/7 2018-q2-update/bin/../lib/gcc/arm-none-eabi/7.3.1/../../../../arm-none-eabi/lib/thumb/v7e-m\libg_nano.a(lib_a-isattyr.o)
 .bss           0x20000688        0x0 c:/program files (x86)/gnu tools arm embedded/7 2018-q2-update/bin/../lib/gcc/arm-none-eabi/7.3.1/../../../../arm-none-eabi/lib/thumb/v7e-m\libg_nano.a(lib_a-lseekr.o)
 .bss           0x20000688        0x0 c:/program files (x86)/gnu tools arm embedded/7 2018-q2-update/bin/../lib/gcc/arm-none-eabi/7.3.1/../../../../arm-none-eabi/lib/thumb/v7e-m\libg_nano.a(lib_a-readr.o)
 .bss           0x20000688        0x0 c:/program files (x86)/gnu tools arm embedded/7 2018-q2-update/bin/../lib/gcc/arm-none-eabi/7.3.1/../../../../arm-none-eabi/lib/thumb/v7e-m\libnosys.a(close.o)
 .bss           0x20000688        0x0 c:/program files (x86)/gnu tools arm embedded/7 2018-q2-update/bin/../lib/gcc/arm-none-eabi/7.3.1/../../../../arm-none-eabi/lib/thumb/v7e-m\libnosys.a(fstat.o)
 .bss           0x20000688        0x0 c:/program files (x86)/gnu tools arm embedded/7 2018-q2-update/bin/../lib/gcc/arm-none-eabi/7.3.1/../../../../arm-none-eabi/lib/thumb/v7e-m\libnosys.a(isatty.o)
 .bss           0x20000688        0x0 c:/program files (x86)/gnu tools arm embedded/7 2018-q2-update/bin/../lib/gcc/arm-none-eabi/7.3.1/../../../../arm-none-eabi/lib/thumb/v7e-m\libnosys.a(lseek.o)
 .bss           0x20000688        0x0 c:/program files (x86)/gnu tools arm embedded/7 2018-q2-update/bin/../lib/gcc/arm-none-eabi/7.3.1/../../../../arm-none-eabi/lib/thumb/v7e-m\libnosys.a(read.o)
 .bss           0x20000688        0x0 c:/program files (x86)/gnu tools arm embedded/7 2018-q2-update/bin/../lib/gcc/arm-none-eabi/7.3.1/../../../../arm-none-eabi/lib/thumb/v7e-m\libnosys.a(sbrk.o)
 .bss.heap_end.4102
                0x20000688        0x4 c:/program files (x86)/gnu tools arm embedded/7 2018-q2-update/bin/../lib/gcc/arm-none-eabi/7.3.1/../../../../arm-none-eabi/lib/thumb/v7e-m\libnosys.a(sbrk.o)
 .bss           0x2000068c        0x0 c:/program files (x86)/gnu tools arm embedded/7 2018-q2-update/bin/../lib/gcc/arm-none-eabi/7.3.1/../../../../arm-none-eabi/lib/thumb/v7e-m\libnosys.a(write.o)
 .bss           0x2000068c        0x0 c:/program files (x86)/gnu tools arm embedded/7 2018-q2-update/bin/../lib/gcc/arm-none-eabi/7.3.1/../../../../arm-none-eabi/lib/thumb/v7e-m\libnosys.a(_exit.o)
 *(COMMON)
 COMMON         0x2000068c     0x1754 ./objects/hello.o
                0x2000068c                ThreadStacks
                0x20001a8c                task
                0x20001bdc                Thread2Stack
                0x20001cdc                g_ui32SysClock
                0x20001ce0                Thread1Stack
 COMMON         0x20001de0      0x4c0 ./objects/testafila.o
                0x20001de0                final
                0x20001de4                fila0
                0x20001de8                aux
                0x20001dec                item
                0x2000229c                fila1
 COMMON         0x200022a0      0x640 ./objects/thread.o
                0x200022a0                Threads
 COMMON         0x200028e0        0x4 c:/program files (x86)/gnu tools arm embedded/7 2018-q2-update/bin/../lib/gcc/arm-none-eabi/7.3.1/../../../../arm-none-eabi/lib/thumb/v7e-m\libg_nano.a(lib_a-reent.o)
                0x200028e0                errno
                0x200028e4                _ebss = .
                0x200028e4                _end = .
                0x200028e4                PROVIDE (end = .)
OUTPUT(./Objects/NOVO.elf elf32-littlearm)

.debug_info     0x00000000     0x608e
 .debug_info    0x00000000      0x1a8 ./objects/startup_gcc.o
 .debug_info    0x000001a8      0xf09 ./objects/hello.o
 .debug_info    0x000010b1      0x5ae ./objects/uartstdio.o
 .debug_info    0x0000165f      0x54b ./objects/pinout.o
 .debug_info    0x00001baa     0x2027 ./objects/gpio.o
 .debug_info    0x00003bd1       0x64 ./objects/cpu.o
 .debug_info    0x00003c35      0x24d ./objects/queue.o
 .debug_info    0x00003e82     0x15bb ./objects/testafila.o
 .debug_info    0x0000543d      0x20d ./objects/thread.o
 .debug_info    0x0000564a      0xa44 ./objects/pingpong-tasks1.o

.debug_abbrev   0x00000000      0xe60
 .debug_abbrev  0x00000000       0xfa ./objects/startup_gcc.o
 .debug_abbrev  0x000000fa      0x282 ./objects/hello.o
 .debug_abbrev  0x0000037c      0x1a8 ./objects/uartstdio.o
 .debug_abbrev  0x00000524       0xd3 ./objects/pinout.o
 .debug_abbrev  0x000005f7      0x176 ./objects/gpio.o
 .debug_abbrev  0x0000076d       0x26 ./objects/cpu.o
 .debug_abbrev  0x00000793      0x15a ./objects/queue.o
 .debug_abbrev  0x000008ed      0x260 ./objects/testafila.o
 .debug_abbrev  0x00000b4d      0x129 ./objects/thread.o
 .debug_abbrev  0x00000c76      0x1ea ./objects/pingpong-tasks1.o

.debug_loc      0x00000000     0x29ea
 .debug_loc     0x00000000       0x4b ./objects/startup_gcc.o
 .debug_loc     0x0000004b      0x19a ./objects/hello.o
 .debug_loc     0x000001e5      0x88a ./objects/uartstdio.o
 .debug_loc     0x00000a6f      0x126 ./objects/pinout.o
 .debug_loc     0x00000b95     0x16a6 ./objects/gpio.o
 .debug_loc     0x0000223b      0x2cb ./objects/queue.o
 .debug_loc     0x00002506      0x304 ./objects/testafila.o
 .debug_loc     0x0000280a      0x154 ./objects/thread.o
 .debug_loc     0x0000295e       0x8c ./objects/pingpong-tasks1.o

.debug_aranges  0x00000000      0x138
 .debug_aranges
                0x00000000       0x20 ./objects/startup_gcc.o
 .debug_aranges
                0x00000020       0x20 ./objects/hello.o
 .debug_aranges
                0x00000040       0x20 ./objects/uartstdio.o
 .debug_aranges
                0x00000060       0x20 ./objects/pinout.o
 .debug_aranges
                0x00000080       0x20 ./objects/gpio.o
 .debug_aranges
                0x000000a0       0x18 ./objects/cpu.o
 .debug_aranges
                0x000000b8       0x20 ./objects/queue.o
 .debug_aranges
                0x000000d8       0x20 ./objects/testafila.o
 .debug_aranges
                0x000000f8       0x20 ./objects/thread.o
 .debug_aranges
                0x00000118       0x20 ./objects/pingpong-tasks1.o

.debug_line     0x00000000     0x1740
 .debug_line    0x00000000      0x12c ./objects/startup_gcc.o
 .debug_line    0x0000012c      0x2df ./objects/hello.o
 .debug_line    0x0000040b      0x34e ./objects/uartstdio.o
 .debug_line    0x00000759      0x180 ./objects/pinout.o
 .debug_line    0x000008d9      0x55f ./objects/gpio.o
 .debug_line    0x00000e38       0x1d ./objects/cpu.o
 .debug_line    0x00000e55       0xcb ./objects/queue.o
 .debug_line    0x00000f20      0x459 ./objects/testafila.o
 .debug_line    0x00001379      0x187 ./objects/thread.o
 .debug_line    0x00001500      0x240 ./objects/pingpong-tasks1.o

.debug_str      0x00000000      0xe68
 .debug_str     0x00000000      0x199 ./objects/startup_gcc.o
                                0x1d6 (size before relaxing)
 .debug_str     0x00000199      0x517 ./objects/hello.o
                                0x6bb (size before relaxing)
 .debug_str     0x000006b0      0x134 ./objects/uartstdio.o
                                0x2cd (size before relaxing)
 .debug_str     0x000007e4       0x81 ./objects/pinout.o
                                0x1f0 (size before relaxing)
 .debug_str     0x00000865      0x4a7 ./objects/gpio.o
                                0x6c4 (size before relaxing)
 .debug_str     0x00000d0c        0x6 ./objects/cpu.o
                                0x141 (size before relaxing)
 .debug_str     0x00000d12       0x67 ./objects/queue.o
                                0x1c1 (size before relaxing)
 .debug_str     0x00000d79       0x56 ./objects/testafila.o
                                0x601 (size before relaxing)
 .debug_str     0x00000dcf       0x64 ./objects/thread.o
                                0x220 (size before relaxing)
 .debug_str     0x00000e33       0x35 ./objects/pingpong-tasks1.o
                                0x598 (size before relaxing)

.comment        0x00000000       0xaa
 .comment       0x00000000       0x7f ./objects/startup_gcc.o
                                 0x80 (size before relaxing)
 .comment       0x0000007f       0x80 ./objects/hello.o
 .comment       0x0000007f       0x2b ./lib/libdriver.a(sysctl.o)
                                 0x2c (size before relaxing)
 .comment       0x000000aa       0x2c ./lib/libdriver.a(cpu.o)
 .comment       0x000000aa       0x2c ./lib/libdriver.a(interrupt.o)
 .comment       0x000000aa       0x80 ./objects/uartstdio.o
 .comment       0x000000aa       0x80 ./objects/pinout.o
 .comment       0x000000aa       0x80 ./objects/gpio.o
 .comment       0x000000aa       0x80 ./objects/cpu.o
 .comment       0x000000aa       0x80 ./objects/queue.o
 .comment       0x000000aa       0x80 ./objects/testafila.o
 .comment       0x000000aa       0x80 ./objects/thread.o
 .comment       0x000000aa       0x80 ./objects/pingpong-tasks1.o

.ARM.attributes
                0x00000000       0x39
 .ARM.attributes
                0x00000000       0x33 ./objects/startup_gcc.o
 .ARM.attributes
                0x00000033       0x33 ./objects/hello.o
 .ARM.attributes
                0x00000066       0x37 ./lib/libdriver.a(sysctl.o)
 .ARM.attributes
                0x0000009d       0x37 ./lib/libdriver.a(cpu.o)
 .ARM.attributes
                0x000000d4       0x37 ./lib/libdriver.a(interrupt.o)
 .ARM.attributes
                0x0000010b       0x33 ./objects/uartstdio.o
 .ARM.attributes
                0x0000013e       0x33 ./objects/pinout.o
 .ARM.attributes
                0x00000171       0x33 ./objects/gpio.o
 .ARM.attributes
                0x000001a4       0x33 ./objects/cpu.o
 .ARM.attributes
                0x000001d7       0x33 ./objects/queue.o
 .ARM.attributes
                0x0000020a       0x33 ./objects/testafila.o
 .ARM.attributes
                0x0000023d       0x33 ./objects/thread.o
 .ARM.attributes
                0x00000270       0x33 ./objects/pingpong-tasks1.o
 .ARM.attributes
                0x000002a3       0x2e c:/program files (x86)/gnu tools arm embedded/7 2018-q2-update/bin/../lib/gcc/arm-none-eabi/7.3.1/../../../../arm-none-eabi/lib/thumb/v7e-m\libg_nano.a(lib_a-exit.o)
 .ARM.attributes
                0x000002d1       0x2e c:/program files (x86)/gnu tools arm embedded/7 2018-q2-update/bin/../lib/gcc/arm-none-eabi/7.3.1/../../../../arm-none-eabi/lib/thumb/v7e-m\libg_nano.a(lib_a-impure.o)
 .ARM.attributes
                0x000002ff       0x2e c:/program files (x86)/gnu tools arm embedded/7 2018-q2-update/bin/../lib/gcc/arm-none-eabi/7.3.1/../../../../arm-none-eabi/lib/thumb/v7e-m\libg_nano.a(lib_a-malloc.o)
 .ARM.attributes
                0x0000032d       0x2e c:/program files (x86)/gnu tools arm embedded/7 2018-q2-update/bin/../lib/gcc/arm-none-eabi/7.3.1/../../../../arm-none-eabi/lib/thumb/v7e-m\libg_nano.a(lib_a-nano-freer.o)
 .ARM.attributes
                0x0000035b       0x2e c:/program files (x86)/gnu tools arm embedded/7 2018-q2-update/bin/../lib/gcc/arm-none-eabi/7.3.1/../../../../arm-none-eabi/lib/thumb/v7e-m\libg_nano.a(lib_a-nano-mallocr.o)
 .ARM.attributes
                0x00000389       0x2e c:/program files (x86)/gnu tools arm embedded/7 2018-q2-update/bin/../lib/gcc/arm-none-eabi/7.3.1/../../../../arm-none-eabi/lib/thumb/v7e-m\libg_nano.a(lib_a-puts.o)
 .ARM.attributes
                0x000003b7       0x2e c:/program files (x86)/gnu tools arm embedded/7 2018-q2-update/bin/../lib/gcc/arm-none-eabi/7.3.1/../../../../arm-none-eabi/lib/thumb/v7e-m\libg_nano.a(lib_a-random.o)
 .ARM.attributes
                0x000003e5       0x2e c:/program files (x86)/gnu tools arm embedded/7 2018-q2-update/bin/../lib/gcc/arm-none-eabi/7.3.1/../../../../arm-none-eabi/lib/thumb/v7e-m\libg_nano.a(lib_a-sbrkr.o)
 .ARM.attributes
                0x00000413       0x2e c:/program files (x86)/gnu tools arm embedded/7 2018-q2-update/bin/../lib/gcc/arm-none-eabi/7.3.1/../../../../arm-none-eabi/lib/thumb/v7e-m\libg_nano.a(lib_a-wbuf.o)
 .ARM.attributes
                0x00000441       0x2e c:/program files (x86)/gnu tools arm embedded/7 2018-q2-update/bin/../lib/gcc/arm-none-eabi/7.3.1/../../../../arm-none-eabi/lib/thumb/v7e-m\libg_nano.a(lib_a-wsetup.o)
 .ARM.attributes
                0x0000046f       0x2e c:/program files (x86)/gnu tools arm embedded/7 2018-q2-update/bin/../lib/gcc/arm-none-eabi/7.3.1/../../../../arm-none-eabi/lib/thumb/v7e-m\libg_nano.a(lib_a-fflush.o)
 .ARM.attributes
                0x0000049d       0x2e c:/program files (x86)/gnu tools arm embedded/7 2018-q2-update/bin/../lib/gcc/arm-none-eabi/7.3.1/../../../../arm-none-eabi/lib/thumb/v7e-m\libg_nano.a(lib_a-findfp.o)
 .ARM.attributes
                0x000004cb       0x2e c:/program files (x86)/gnu tools arm embedded/7 2018-q2-update/bin/../lib/gcc/arm-none-eabi/7.3.1/../../../../arm-none-eabi/lib/thumb/v7e-m\libg_nano.a(lib_a-fwalk.o)
 .ARM.attributes
                0x000004f9       0x2e c:/program files (x86)/gnu tools arm embedded/7 2018-q2-update/bin/../lib/gcc/arm-none-eabi/7.3.1/../../../../arm-none-eabi/lib/thumb/v7e-m\libg_nano.a(lib_a-makebuf.o)
 .ARM.attributes
                0x00000527       0x2e c:/program files (x86)/gnu tools arm embedded/7 2018-q2-update/bin/../lib/gcc/arm-none-eabi/7.3.1/../../../../arm-none-eabi/lib/thumb/v7e-m\libg_nano.a(lib_a-memset.o)
 .ARM.attributes
                0x00000555       0x2e c:/program files (x86)/gnu tools arm embedded/7 2018-q2-update/bin/../lib/gcc/arm-none-eabi/7.3.1/../../../../arm-none-eabi/lib/thumb/v7e-m\libg_nano.a(lib_a-mlock.o)
 .ARM.attributes
                0x00000583       0x2e c:/program files (x86)/gnu tools arm embedded/7 2018-q2-update/bin/../lib/gcc/arm-none-eabi/7.3.1/../../../../arm-none-eabi/lib/thumb/v7e-m\libg_nano.a(lib_a-reent.o)
 .ARM.attributes
                0x000005b1       0x2e c:/program files (x86)/gnu tools arm embedded/7 2018-q2-update/bin/../lib/gcc/arm-none-eabi/7.3.1/../../../../arm-none-eabi/lib/thumb/v7e-m\libg_nano.a(lib_a-stdio.o)
 .ARM.attributes
                0x000005df       0x2e c:/program files (x86)/gnu tools arm embedded/7 2018-q2-update/bin/../lib/gcc/arm-none-eabi/7.3.1/../../../../arm-none-eabi/lib/thumb/v7e-m\libg_nano.a(lib_a-writer.o)
 .ARM.attributes
                0x0000060d       0x2e c:/program files (x86)/gnu tools arm embedded/7 2018-q2-update/bin/../lib/gcc/arm-none-eabi/7.3.1/../../../../arm-none-eabi/lib/thumb/v7e-m\libg_nano.a(lib_a-closer.o)
 .ARM.attributes
                0x0000063b       0x2e c:/program files (x86)/gnu tools arm embedded/7 2018-q2-update/bin/../lib/gcc/arm-none-eabi/7.3.1/../../../../arm-none-eabi/lib/thumb/v7e-m\libg_nano.a(lib_a-fstatr.o)
 .ARM.attributes
                0x00000669       0x2e c:/program files (x86)/gnu tools arm embedded/7 2018-q2-update/bin/../lib/gcc/arm-none-eabi/7.3.1/../../../../arm-none-eabi/lib/thumb/v7e-m\libg_nano.a(lib_a-isattyr.o)
 .ARM.attributes
                0x00000697       0x2e c:/program files (x86)/gnu tools arm embedded/7 2018-q2-update/bin/../lib/gcc/arm-none-eabi/7.3.1/../../../../arm-none-eabi/lib/thumb/v7e-m\libg_nano.a(lib_a-lseekr.o)
 .ARM.attributes
                0x000006c5       0x2e c:/program files (x86)/gnu tools arm embedded/7 2018-q2-update/bin/../lib/gcc/arm-none-eabi/7.3.1/../../../../arm-none-eabi/lib/thumb/v7e-m\libg_nano.a(lib_a-readr.o)
 .ARM.attributes
                0x000006f3       0x2e c:/program files (x86)/gnu tools arm embedded/7 2018-q2-update/bin/../lib/gcc/arm-none-eabi/7.3.1/../../../../arm-none-eabi/lib/thumb/v7e-m\libnosys.a(close.o)
 .ARM.attributes
                0x00000721       0x2e c:/program files (x86)/gnu tools arm embedded/7 2018-q2-update/bin/../lib/gcc/arm-none-eabi/7.3.1/../../../../arm-none-eabi/lib/thumb/v7e-m\libnosys.a(fstat.o)
 .ARM.attributes
                0x0000074f       0x2e c:/program files (x86)/gnu tools arm embedded/7 2018-q2-update/bin/../lib/gcc/arm-none-eabi/7.3.1/../../../../arm-none-eabi/lib/thumb/v7e-m\libnosys.a(isatty.o)
 .ARM.attributes
                0x0000077d       0x2e c:/program files (x86)/gnu tools arm embedded/7 2018-q2-update/bin/../lib/gcc/arm-none-eabi/7.3.1/../../../../arm-none-eabi/lib/thumb/v7e-m\libnosys.a(lseek.o)
 .ARM.attributes
                0x000007ab       0x2e c:/program files (x86)/gnu tools arm embedded/7 2018-q2-update/bin/../lib/gcc/arm-none-eabi/7.3.1/../../../../arm-none-eabi/lib/thumb/v7e-m\libnosys.a(read.o)
 .ARM.attributes
                0x000007d9       0x2e c:/program files (x86)/gnu tools arm embedded/7 2018-q2-update/bin/../lib/gcc/arm-none-eabi/7.3.1/../../../../arm-none-eabi/lib/thumb/v7e-m\libnosys.a(sbrk.o)
 .ARM.attributes
                0x00000807       0x2e c:/program files (x86)/gnu tools arm embedded/7 2018-q2-update/bin/../lib/gcc/arm-none-eabi/7.3.1/../../../../arm-none-eabi/lib/thumb/v7e-m\libnosys.a(write.o)
 .ARM.attributes
                0x00000835       0x2e c:/program files (x86)/gnu tools arm embedded/7 2018-q2-update/bin/../lib/gcc/arm-none-eabi/7.3.1/../../../../arm-none-eabi/lib/thumb/v7e-m\libnosys.a(_exit.o)

.debug_frame    0x00000000     0x11fc
 .debug_frame   0x00000000       0x5c ./objects/startup_gcc.o
 .debug_frame   0x0000005c       0xd4 ./objects/hello.o
 .debug_frame   0x00000130      0x120 ./objects/uartstdio.o
 .debug_frame   0x00000250       0x6c ./objects/pinout.o
 .debug_frame   0x000002bc      0x638 ./objects/gpio.o
 .debug_frame   0x000008f4       0x80 ./objects/queue.o
 .debug_frame   0x00000974       0x74 ./objects/testafila.o
 .debug_frame   0x000009e8       0x84 ./objects/thread.o
 .debug_frame   0x00000a6c       0x4c ./objects/pingpong-tasks1.o
 .debug_frame   0x00000ab8       0x28 c:/program files (x86)/gnu tools arm embedded/7 2018-q2-update/bin/../lib/gcc/arm-none-eabi/7.3.1/../../../../arm-none-eabi/lib/thumb/v7e-m\libg_nano.a(lib_a-exit.o)
 .debug_frame   0x00000ae0       0x30 c:/program files (x86)/gnu tools arm embedded/7 2018-q2-update/bin/../lib/gcc/arm-none-eabi/7.3.1/../../../../arm-none-eabi/lib/thumb/v7e-m\libg_nano.a(lib_a-malloc.o)
 .debug_frame   0x00000b10       0x38 c:/program files (x86)/gnu tools arm embedded/7 2018-q2-update/bin/../lib/gcc/arm-none-eabi/7.3.1/../../../../arm-none-eabi/lib/thumb/v7e-m\libg_nano.a(lib_a-nano-freer.o)
 .debug_frame   0x00000b48       0x2c c:/program files (x86)/gnu tools arm embedded/7 2018-q2-update/bin/../lib/gcc/arm-none-eabi/7.3.1/../../../../arm-none-eabi/lib/thumb/v7e-m\libg_nano.a(lib_a-nano-mallocr.o)
 .debug_frame   0x00000b74       0x3c c:/program files (x86)/gnu tools arm embedded/7 2018-q2-update/bin/../lib/gcc/arm-none-eabi/7.3.1/../../../../arm-none-eabi/lib/thumb/v7e-m\libg_nano.a(lib_a-puts.o)
 .debug_frame   0x00000bb0       0x48 c:/program files (x86)/gnu tools arm embedded/7 2018-q2-update/bin/../lib/gcc/arm-none-eabi/7.3.1/../../../../arm-none-eabi/lib/thumb/v7e-m\libg_nano.a(lib_a-random.o)
 .debug_frame   0x00000bf8       0x2c c:/program files (x86)/gnu tools arm embedded/7 2018-q2-update/bin/../lib/gcc/arm-none-eabi/7.3.1/../../../../arm-none-eabi/lib/thumb/v7e-m\libg_nano.a(lib_a-sbrkr.o)
 .debug_frame   0x00000c24       0x40 c:/program files (x86)/gnu tools arm embedded/7 2018-q2-update/bin/../lib/gcc/arm-none-eabi/7.3.1/../../../../arm-none-eabi/lib/thumb/v7e-m\libg_nano.a(lib_a-wbuf.o)
 .debug_frame   0x00000c64       0x2c c:/program files (x86)/gnu tools arm embedded/7 2018-q2-update/bin/../lib/gcc/arm-none-eabi/7.3.1/../../../../arm-none-eabi/lib/thumb/v7e-m\libg_nano.a(lib_a-wsetup.o)
 .debug_frame   0x00000c90       0x68 c:/program files (x86)/gnu tools arm embedded/7 2018-q2-update/bin/../lib/gcc/arm-none-eabi/7.3.1/../../../../arm-none-eabi/lib/thumb/v7e-m\libg_nano.a(lib_a-fflush.o)
 .debug_frame   0x00000cf8      0x11c c:/program files (x86)/gnu tools arm embedded/7 2018-q2-update/bin/../lib/gcc/arm-none-eabi/7.3.1/../../../../arm-none-eabi/lib/thumb/v7e-m\libg_nano.a(lib_a-findfp.o)
 .debug_frame   0x00000e14       0x54 c:/program files (x86)/gnu tools arm embedded/7 2018-q2-update/bin/../lib/gcc/arm-none-eabi/7.3.1/../../../../arm-none-eabi/lib/thumb/v7e-m\libg_nano.a(lib_a-fwalk.o)
 .debug_frame   0x00000e68       0x58 c:/program files (x86)/gnu tools arm embedded/7 2018-q2-update/bin/../lib/gcc/arm-none-eabi/7.3.1/../../../../arm-none-eabi/lib/thumb/v7e-m\libg_nano.a(lib_a-makebuf.o)
 .debug_frame   0x00000ec0       0x20 c:/program files (x86)/gnu tools arm embedded/7 2018-q2-update/bin/../lib/gcc/arm-none-eabi/7.3.1/../../../../arm-none-eabi/lib/thumb/v7e-m\libg_nano.a(lib_a-memset.o)
 .debug_frame   0x00000ee0       0x30 c:/program files (x86)/gnu tools arm embedded/7 2018-q2-update/bin/../lib/gcc/arm-none-eabi/7.3.1/../../../../arm-none-eabi/lib/thumb/v7e-m\libg_nano.a(lib_a-mlock.o)
 .debug_frame   0x00000f10       0x5c c:/program files (x86)/gnu tools arm embedded/7 2018-q2-update/bin/../lib/gcc/arm-none-eabi/7.3.1/../../../../arm-none-eabi/lib/thumb/v7e-m\libg_nano.a(lib_a-reent.o)
 .debug_frame   0x00000f6c       0x88 c:/program files (x86)/gnu tools arm embedded/7 2018-q2-update/bin/../lib/gcc/arm-none-eabi/7.3.1/../../../../arm-none-eabi/lib/thumb/v7e-m\libg_nano.a(lib_a-stdio.o)
 .debug_frame   0x00000ff4       0x2c c:/program files (x86)/gnu tools arm embedded/7 2018-q2-update/bin/../lib/gcc/arm-none-eabi/7.3.1/../../../../arm-none-eabi/lib/thumb/v7e-m\libg_nano.a(lib_a-writer.o)
 .debug_frame   0x00001020       0x2c c:/program files (x86)/gnu tools arm embedded/7 2018-q2-update/bin/../lib/gcc/arm-none-eabi/7.3.1/../../../../arm-none-eabi/lib/thumb/v7e-m\libg_nano.a(lib_a-closer.o)
 .debug_frame   0x0000104c       0x2c c:/program files (x86)/gnu tools arm embedded/7 2018-q2-update/bin/../lib/gcc/arm-none-eabi/7.3.1/../../../../arm-none-eabi/lib/thumb/v7e-m\libg_nano.a(lib_a-fstatr.o)
 .debug_frame   0x00001078       0x2c c:/program files (x86)/gnu tools arm embedded/7 2018-q2-update/bin/../lib/gcc/arm-none-eabi/7.3.1/../../../../arm-none-eabi/lib/thumb/v7e-m\libg_nano.a(lib_a-isattyr.o)
 .debug_frame   0x000010a4       0x2c c:/program files (x86)/gnu tools arm embedded/7 2018-q2-update/bin/../lib/gcc/arm-none-eabi/7.3.1/../../../../arm-none-eabi/lib/thumb/v7e-m\libg_nano.a(lib_a-lseekr.o)
 .debug_frame   0x000010d0       0x2c c:/program files (x86)/gnu tools arm embedded/7 2018-q2-update/bin/../lib/gcc/arm-none-eabi/7.3.1/../../../../arm-none-eabi/lib/thumb/v7e-m\libg_nano.a(lib_a-readr.o)
 .debug_frame   0x000010fc       0x20 c:/program files (x86)/gnu tools arm embedded/7 2018-q2-update/bin/../lib/gcc/arm-none-eabi/7.3.1/../../../../arm-none-eabi/lib/thumb/v7e-m\libnosys.a(close.o)
 .debug_frame   0x0000111c       0x20 c:/program files (x86)/gnu tools arm embedded/7 2018-q2-update/bin/../lib/gcc/arm-none-eabi/7.3.1/../../../../arm-none-eabi/lib/thumb/v7e-m\libnosys.a(fstat.o)
 .debug_frame   0x0000113c       0x20 c:/program files (x86)/gnu tools arm embedded/7 2018-q2-update/bin/../lib/gcc/arm-none-eabi/7.3.1/../../../../arm-none-eabi/lib/thumb/v7e-m\libnosys.a(isatty.o)
 .debug_frame   0x0000115c       0x20 c:/program files (x86)/gnu tools arm embedded/7 2018-q2-update/bin/../lib/gcc/arm-none-eabi/7.3.1/../../../../arm-none-eabi/lib/thumb/v7e-m\libnosys.a(lseek.o)
 .debug_frame   0x0000117c       0x20 c:/program files (x86)/gnu tools arm embedded/7 2018-q2-update/bin/../lib/gcc/arm-none-eabi/7.3.1/../../../../arm-none-eabi/lib/thumb/v7e-m\libnosys.a(read.o)
 .debug_frame   0x0000119c       0x20 c:/program files (x86)/gnu tools arm embedded/7 2018-q2-update/bin/../lib/gcc/arm-none-eabi/7.3.1/../../../../arm-none-eabi/lib/thumb/v7e-m\libnosys.a(sbrk.o)
 .debug_frame   0x000011bc       0x20 c:/program files (x86)/gnu tools arm embedded/7 2018-q2-update/bin/../lib/gcc/arm-none-eabi/7.3.1/../../../../arm-none-eabi/lib/thumb/v7e-m\libnosys.a(write.o)
 .debug_frame   0x000011dc       0x20 c:/program files (x86)/gnu tools arm embedded/7 2018-q2-update/bin/../lib/gcc/arm-none-eabi/7.3.1/../../../../arm-none-eabi/lib/thumb/v7e-m\libnosys.a(_exit.o)

.debug_ranges   0x00000000       0x18
 .debug_ranges  0x00000000       0x18 ./objects/queue.o

.stab           0x00000000       0x9c
 .stab          0x00000000       0x24 c:/program files (x86)/gnu tools arm embedded/7 2018-q2-update/bin/../lib/gcc/arm-none-eabi/7.3.1/../../../../arm-none-eabi/lib/thumb/v7e-m\libnosys.a(close.o)
 .stab          0x00000024       0x18 c:/program files (x86)/gnu tools arm embedded/7 2018-q2-update/bin/../lib/gcc/arm-none-eabi/7.3.1/../../../../arm-none-eabi/lib/thumb/v7e-m\libnosys.a(fstat.o)
                                 0x24 (size before relaxing)
 .stab          0x0000003c       0x18 c:/program files (x86)/gnu tools arm embedded/7 2018-q2-update/bin/../lib/gcc/arm-none-eabi/7.3.1/../../../../arm-none-eabi/lib/thumb/v7e-m\libnosys.a(isatty.o)
                                 0x24 (size before relaxing)
 .stab          0x00000054       0x18 c:/program files (x86)/gnu tools arm embedded/7 2018-q2-update/bin/../lib/gcc/arm-none-eabi/7.3.1/../../../../arm-none-eabi/lib/thumb/v7e-m\libnosys.a(lseek.o)
                                 0x24 (size before relaxing)
 .stab          0x0000006c       0x18 c:/program files (x86)/gnu tools arm embedded/7 2018-q2-update/bin/../lib/gcc/arm-none-eabi/7.3.1/../../../../arm-none-eabi/lib/thumb/v7e-m\libnosys.a(read.o)
                                 0x24 (size before relaxing)
 .stab          0x00000084       0x18 c:/program files (x86)/gnu tools arm embedded/7 2018-q2-update/bin/../lib/gcc/arm-none-eabi/7.3.1/../../../../arm-none-eabi/lib/thumb/v7e-m\libnosys.a(write.o)
                                 0x24 (size before relaxing)

.stabstr        0x00000000      0x14d
 .stabstr       0x00000000      0x14d c:/program files (x86)/gnu tools arm embedded/7 2018-q2-update/bin/../lib/gcc/arm-none-eabi/7.3.1/../../../../arm-none-eabi/lib/thumb/v7e-m\libnosys.a(close.o)
